 canvas

 Timestamp is 57e2f08b (Wed Sep 21 17:41:47 2016)

 Preferred load address is 0000000180000000

 Start         Length     Name                   Class
 0001:00000000 000001dbH .text                   CODE
 0001:000001e0 000000b7H .text$di                CODE
 0001:000002a0 0002bdb0H .text$mn                CODE
 0001:0002c050 000001d5H .text$mn$00             CODE
 0001:0002c230 00000770H .text$x                 CODE
 0001:0002c9a0 000000b1H .text$yd                CODE
 0002:00000000 00000600H .idata$5                DATA
 0002:00000600 00000010H .00cfg                  DATA
 0002:00000610 00000008H .CRT$XCA                DATA
 0002:00000618 00000038H .CRT$XCU                DATA
 0002:00000650 00000008H .CRT$XCZ                DATA
 0002:00000658 00000008H .CRT$XIA                DATA
 0002:00000660 00000018H .CRT$XIC                DATA
 0002:00000678 00000008H .CRT$XIZ                DATA
 0002:00000680 00000008H .CRT$XPA                DATA
 0002:00000688 00000010H .CRT$XPX                DATA
 0002:00000698 00000008H .CRT$XPXA               DATA
 0002:000006a0 00000008H .CRT$XPZ                DATA
 0002:000006a8 00000008H .CRT$XTA                DATA
 0002:000006b0 00000008H .CRT$XTZ                DATA
 0002:000006b8 00000000H .gfids$x                DATA
 0002:000006c0 0000b704H .rdata                  DATA
 0002:0000bdc8 0000037cH .rdata$r                DATA
 0002:0000c148 00000010H .rdata$zETW0            DATA
 0002:0000c158 00000077H .rdata$zETW1            DATA
 0002:0000c1cf 0000002cH .rdata$zETW2            DATA
 0002:0000c1fb 00000001H .rdata$zETW9            DATA
 0002:0000c1fc 00000470H .rdata$zzzdbg           DATA
 0002:0000c670 00000008H .rtc$IAA                DATA
 0002:0000c678 00000008H .rtc$IZZ                DATA
 0002:0000c680 00000008H .rtc$TAA                DATA
 0002:0000c688 00000008H .rtc$TZZ                DATA
 0002:0000c690 00002af4H .xdata                  DATA
 0002:0000f188 000001dcH .xdata$x                DATA
 0002:0000f364 00000020H .didat$2                DATA
 0002:0000f384 00000020H .didat$3                DATA
 0002:0000f3a8 000003d0H .didat$4                DATA
 0002:0000f778 00001fecH .didat$6                DATA
 0002:00011768 000003d0H .didat$7                DATA
 0002:00011b40 00004852H .edata                  DATA
 0002:00016394 00000050H .idata$2                DATA
 0002:000163e4 00000014H .idata$3                DATA
 0002:000163f8 00000600H .idata$4                DATA
 0002:000169f8 00000fdcH .idata$6                DATA
 0003:00000000 00000ac0H .data                   DATA
 0003:00000ac0 00000118H .data$r                 DATA
 0003:00000bd8 000003d0H .didat$5                DATA
 0003:00000fb0 00001124H .bss                    DATA
 0004:00000000 000025b0H .pdata                  DATA
 0005:00000000 00000058H .rsrc$01                DATA
 0005:00000060 00000180H .rsrc$02                DATA

  Address         Publics by Value              Rva+Base               Lib:Object

 0000:00000000       __guard_fids_count         0000000000000000     <absolute>
 0000:00000000       ___safe_se_handler_count   0000000000000000     <absolute>
 0000:00000000       ___safe_se_handler_table   0000000000000000     <absolute>
 0000:00000000       __guard_fids_table         0000000000000000     <absolute>
 0000:00000100       __guard_flags              0000000000000100     <absolute>
 0000:00000000       __ImageBase                0000000180000000     <linker-defined>
 0001:00000000       ?TraceLoggingRegister@__vcrt_trace_logging_provider@@YAJPEBU_TlgProvider_t@1@PEBU_GUID@@P6AX1KE_K2PEAU_EVENT_FILTER_DESCRIPTOR@@PEAX@Z4@Z 0000000180001000 f i libvcruntime:telemetry.obj
 0001:0000007c       ?_TlgEnableCallback@__vcrt_trace_logging_provider@@YAXPEBU_GUID@@KE_K1PEAU_EVENT_FILTER_DESCRIPTOR@@PEAX@Z 000000018000107c f i libvcruntime:telemetry.obj
 0001:00000140       ?_TlgWrite@__vcrt_trace_logging_provider@@YAJPEBU_TlgProvider_t@1@PEFBXPEBU_GUID@@2IPEAU_EVENT_DATA_DESCRIPTOR@@@Z 0000000180001140 f i libvcruntime:telemetry.obj
 0001:000002a0       ?total_heap_size@HeapStatistics@v8@@QEAA_KXZ 00000001800012a0 f i Canvas.obj
 0001:000002a0       ??DValue@String@v8@@QEBAPEBGXZ 00000001800012a0 f i Canvas.obj
 0001:000002a0       ?space_name@HeapSpaceStatistics@v8@@QEAAPEBDXZ 00000001800012a0 f i Canvas.obj
 0001:000002a0       ??DUtf8Value@String@v8@@QEBAPEBDXZ 00000001800012a0 f i Canvas.obj
 0001:000002a0       ?object_type@HeapObjectStatistics@v8@@QEAAPEBDXZ 00000001800012a0 f i Canvas.obj
 0001:000002a0       ?Data@Contents@ArrayBuffer@v8@@QEBAPEAXXZ 00000001800012a0 f i Canvas.obj
 0001:000002a0       ?Data@Contents@SharedArrayBuffer@v8@@QEBAPEAXXZ 00000001800012a0 f i Canvas.obj
 0001:000002a0       ?impl@StreamedSource@ScriptCompiler@v8@@QEBAPEAU1internal@3@XZ 00000001800012a0 f i Canvas.obj
 0001:000002a0       ?GetIsolate@HandleScope@v8@@QEBAPEAVIsolate@2@XZ 00000001800012a0 f i Canvas.obj
 0001:000002a0       ??DUtf8Value@String@v8@@QEAAPEADXZ 00000001800012a0 f i Canvas.obj
 0001:000002a0       ??DValue@String@v8@@QEAAPEAGXZ 00000001800012a0 f i Canvas.obj
 0001:000002b0       ??4Allocator@ArrayBuffer@v8@@QEAAAEAV012@AEBV012@@Z 00000001800012b0 f i Canvas.obj
 0001:000002b0       ??4Uint32Array@v8@@QEAAAEAV01@AEBV01@@Z 00000001800012b0 f i Canvas.obj
 0001:000002b0       ??4JSON@v8@@QEAAAEAV01@AEBV01@@Z 00000001800012b0 f i Canvas.obj
 0001:000002b0       ??4Number@v8@@QEAAAEAV01@$$QEAV01@@Z 00000001800012b0 f i Canvas.obj
 0001:000002b0       ??4SymbolObject@v8@@QEAAAEAV01@$$QEAV01@@Z 00000001800012b0 f i Canvas.obj
 0001:000002b0       ??4Signature@v8@@QEAAAEAV01@$$QEAV01@@Z 00000001800012b0 f i Canvas.obj
 0001:000002b0       ??4Function@v8@@QEAAAEAV01@AEBV01@@Z 00000001800012b0 f i Canvas.obj
 0001:000002b0       ??0HandleScope@v8@@IEAA@XZ 00000001800012b0 f i Canvas.obj
 0001:000002b0       ??4String@v8@@QEAAAEAV01@AEBV01@@Z 00000001800012b0 f i Canvas.obj
 0001:000002b0       ??4External@v8@@QEAAAEAV01@AEBV01@@Z 00000001800012b0 f i Canvas.obj
 0001:000002b0       ??4Uint32Array@v8@@QEAAAEAV01@$$QEAV01@@Z 00000001800012b0 f i Canvas.obj
 0001:000002b0       ??4Primitive@v8@@QEAAAEAV01@$$QEAV01@@Z 00000001800012b0 f i Canvas.obj
 0001:000002b0       ?Cast@Function@v8@@SAPEAV12@PEAVValue@2@@Z 00000001800012b0 f i Canvas.obj
 0001:000002b0       ??4V8@v8@@QEAAAEAV01@$$QEAV01@@Z 00000001800012b0 f i Canvas.obj
 0001:000002b0       ??4NativeWeakMap@v8@@QEAAAEAV01@AEBV01@@Z 00000001800012b0 f i Canvas.obj
 0001:000002b0       ??4Float32Array@v8@@QEAAAEAV01@AEBV01@@Z 00000001800012b0 f i Canvas.obj
 0001:000002b0       ??4Float64Array@v8@@QEAAAEAV01@AEBV01@@Z 00000001800012b0 f i Canvas.obj
 0001:000002b0       ??4Message@v8@@QEAAAEAV01@AEBV01@@Z 00000001800012b0 f i Canvas.obj
 0001:000002b0       ??4Template@v8@@QEAAAEAV01@$$QEAV01@@Z 00000001800012b0 f i Canvas.obj
 0001:000002b0       ??4UnboundScript@v8@@QEAAAEAV01@$$QEAV01@@Z 00000001800012b0 f i Canvas.obj
 0001:000002b0       ??4ObjectTemplate@v8@@QEAAAEAV01@AEBV01@@Z 00000001800012b0 f i Canvas.obj
 0001:000002b0       ??4Int32@v8@@QEAAAEAV01@$$QEAV01@@Z 00000001800012b0 f i Canvas.obj
 0001:000002b0       ??4StringObject@v8@@QEAAAEAV01@$$QEAV01@@Z 00000001800012b0 f i Canvas.obj
 0001:000002b0       ??4Uint32@v8@@QEAAAEAV01@$$QEAV01@@Z 00000001800012b0 f i Canvas.obj
 0001:000002b0       ??4Proxy@v8@@QEAAAEAV01@$$QEAV01@@Z 00000001800012b0 f i Canvas.obj
 0001:000002b0       ??4String@v8@@QEAAAEAV01@$$QEAV01@@Z 00000001800012b0 f i Canvas.obj
 0001:000002b0       ??4Context@v8@@QEAAAEAV01@$$QEAV01@@Z 00000001800012b0 f i Canvas.obj
 0001:000002b0       ??4AccessorSignature@v8@@QEAAAEAV01@$$QEAV01@@Z 00000001800012b0 f i Canvas.obj
 0001:000002b0       ??4BooleanObject@v8@@QEAAAEAV01@AEBV01@@Z 00000001800012b0 f i Canvas.obj
 0001:000002b0       ??4Int32Array@v8@@QEAAAEAV01@$$QEAV01@@Z 00000001800012b0 f i Canvas.obj
 0001:000002b0       ??4Integer@v8@@QEAAAEAV01@AEBV01@@Z 00000001800012b0 f i Canvas.obj
 0001:000002b0       ?Cast@ArrayBufferView@v8@@SAPEAV12@PEAVValue@2@@Z 00000001800012b0 f i Canvas.obj
 0001:000002b0       ?Cast@DataView@v8@@SAPEAV12@PEAVValue@2@@Z 00000001800012b0 f i Canvas.obj
 0001:000002b0       ??4Uint8ClampedArray@v8@@QEAAAEAV01@AEBV01@@Z 00000001800012b0 f i Canvas.obj
 0001:000002b0       ?Cast@Promise@v8@@SAPEAV12@PEAVValue@2@@Z 00000001800012b0 f i Canvas.obj
 0001:000002b0       ?Cast@Uint8ClampedArray@v8@@SAPEAV12@PEAVValue@2@@Z 00000001800012b0 f i Canvas.obj
 0001:000002b0       ??4DataView@v8@@QEAAAEAV01@AEBV01@@Z 00000001800012b0 f i Canvas.obj
 0001:000002b0       ??4ArrayBuffer@v8@@QEAAAEAV01@$$QEAV01@@Z 00000001800012b0 f i Canvas.obj
 0001:000002b0       ??4Set@v8@@QEAAAEAV01@AEBV01@@Z 00000001800012b0 f i Canvas.obj
 0001:000002b0       ??4RegExp@v8@@QEAAAEAV01@$$QEAV01@@Z 00000001800012b0 f i Canvas.obj
 0001:000002b0       ?Cast@Proxy@v8@@SAPEAV12@PEAVValue@2@@Z 00000001800012b0 f i Canvas.obj
 0001:000002b0       ??4RegExp@v8@@QEAAAEAV01@AEBV01@@Z 00000001800012b0 f i Canvas.obj
 0001:000002b0       ?Cast@External@v8@@SAPEAV12@PEAVValue@2@@Z 00000001800012b0 f i Canvas.obj
 0001:000002b0       ??4Boolean@v8@@QEAAAEAV01@AEBV01@@Z 00000001800012b0 f i Canvas.obj
 0001:000002b0       ??4ArrayBufferView@v8@@QEAAAEAV01@$$QEAV01@@Z 00000001800012b0 f i Canvas.obj
 0001:000002b0       ?Cast@StringObject@v8@@SAPEAV12@PEAVValue@2@@Z 00000001800012b0 f i Canvas.obj
 0001:000002b0       ?Cast@Number@v8@@SAPEAV12@PEAVValue@2@@Z 00000001800012b0 f i Canvas.obj
 0001:000002b0       ?Cast@Object@v8@@SAPEAV12@PEAVValue@2@@Z 00000001800012b0 f i Canvas.obj
 0001:000002b0       ??4Map@v8@@QEAAAEAV01@AEBV01@@Z 00000001800012b0 f i Canvas.obj
 0001:000002b0       ??4NumberObject@v8@@QEAAAEAV01@AEBV01@@Z 00000001800012b0 f i Canvas.obj
 0001:000002b0       ??4Int32@v8@@QEAAAEAV01@AEBV01@@Z 00000001800012b0 f i Canvas.obj
 0001:000002b0       ?Cast@Name@v8@@SAPEAV12@PEAVValue@2@@Z 00000001800012b0 f i Canvas.obj
 0001:000002b0       ??4Proxy@v8@@QEAAAEAV01@AEBV01@@Z 00000001800012b0 f i Canvas.obj
 0001:000002b0       ?Cast@Map@v8@@SAPEAV12@PEAVValue@2@@Z 00000001800012b0 f i Canvas.obj
 0001:000002b0       ??4Private@v8@@QEAAAEAV01@$$QEAV01@@Z 00000001800012b0 f i Canvas.obj
 0001:000002b0       ??4Uint8Array@v8@@QEAAAEAV01@AEBV01@@Z 00000001800012b0 f i Canvas.obj
 0001:000002b0       ??4Symbol@v8@@QEAAAEAV01@$$QEAV01@@Z 00000001800012b0 f i Canvas.obj
 0001:000002b0       ??4SharedArrayBuffer@v8@@QEAAAEAV01@AEBV01@@Z 00000001800012b0 f i Canvas.obj
 0001:000002b0       ??4SharedArrayBuffer@v8@@QEAAAEAV01@$$QEAV01@@Z 00000001800012b0 f i Canvas.obj
 0001:000002b0       ??4FunctionTemplate@v8@@QEAAAEAV01@AEBV01@@Z 00000001800012b0 f i Canvas.obj
 0001:000002b0       ??4Name@v8@@QEAAAEAV01@AEBV01@@Z 00000001800012b0 f i Canvas.obj
 0001:000002b0       ??4Int8Array@v8@@QEAAAEAV01@AEBV01@@Z 00000001800012b0 f i Canvas.obj
 0001:000002b0       ??4StackFrame@v8@@QEAAAEAV01@AEBV01@@Z 00000001800012b0 f i Canvas.obj
 0001:000002b0       ??4Symbol@v8@@QEAAAEAV01@AEBV01@@Z 00000001800012b0 f i Canvas.obj
 0001:000002b0       ?Cast@Resolver@Promise@v8@@SAPEAV123@PEAVValue@3@@Z 00000001800012b0 f i Canvas.obj
 0001:000002b0       ?Cast@Int8Array@v8@@SAPEAV12@PEAVValue@2@@Z 00000001800012b0 f i Canvas.obj
 0001:000002b0       ?Cast@Symbol@v8@@SAPEAV12@PEAVValue@2@@Z 00000001800012b0 f i Canvas.obj
 0001:000002b0       ??4SymbolObject@v8@@QEAAAEAV01@AEBV01@@Z 00000001800012b0 f i Canvas.obj
 0001:000002b0       ??4Private@v8@@QEAAAEAV01@AEBV01@@Z 00000001800012b0 f i Canvas.obj
 0001:000002b0       ??4Object@v8@@QEAAAEAV01@AEBV01@@Z 00000001800012b0 f i Canvas.obj
 0001:000002b0       ??4ArrayBufferView@v8@@QEAAAEAV01@AEBV01@@Z 00000001800012b0 f i Canvas.obj
 0001:000002b0       ??4V8@v8@@QEAAAEAV01@AEBV01@@Z 00000001800012b0 f i Canvas.obj
 0001:000002b0       ??4StringObject@v8@@QEAAAEAV01@AEBV01@@Z 00000001800012b0 f i Canvas.obj
 0001:000002b0       ??4StackFrame@v8@@QEAAAEAV01@$$QEAV01@@Z 00000001800012b0 f i Canvas.obj
 0001:000002b0       ??4Signature@v8@@QEAAAEAV01@AEBV01@@Z 00000001800012b0 f i Canvas.obj
 0001:000002b0       ??4Promise@v8@@QEAAAEAV01@$$QEAV01@@Z 00000001800012b0 f i Canvas.obj
 0001:000002b0       ??4Boolean@v8@@QEAAAEAV01@$$QEAV01@@Z 00000001800012b0 f i Canvas.obj
 0001:000002b0       ??4Data@v8@@QEAAAEAV01@AEBV01@@Z 00000001800012b0 f i Canvas.obj
 0001:000002b0       ??4Exception@v8@@QEAAAEAV01@$$QEAV01@@Z 00000001800012b0 f i Canvas.obj
 0001:000002b0       ?Cast@Uint32@v8@@SAPEAV12@PEAVValue@2@@Z 00000001800012b0 f i Canvas.obj
 0001:000002b0       ??4ArrayBuffer@v8@@QEAAAEAV01@AEBV01@@Z 00000001800012b0 f i Canvas.obj
 0001:000002b0       ??4Date@v8@@QEAAAEAV01@$$QEAV01@@Z 00000001800012b0 f i Canvas.obj
 0001:000002b0       ??4UnboundScript@v8@@QEAAAEAV01@AEBV01@@Z 00000001800012b0 f i Canvas.obj
 0001:000002b0       ??4Set@v8@@QEAAAEAV01@$$QEAV01@@Z 00000001800012b0 f i Canvas.obj
 0001:000002b0       ??4Int16Array@v8@@QEAAAEAV01@AEBV01@@Z 00000001800012b0 f i Canvas.obj
 0001:000002b0       ??4Integer@v8@@QEAAAEAV01@$$QEAV01@@Z 00000001800012b0 f i Canvas.obj
 0001:000002b0       ?Cast@RegExp@v8@@SAPEAV12@PEAVValue@2@@Z 00000001800012b0 f i Canvas.obj
 0001:000002b0       ??4ScriptCompiler@v8@@QEAAAEAV01@$$QEAV01@@Z 00000001800012b0 f i Canvas.obj
 0001:000002b0       ?Cast@BooleanObject@v8@@SAPEAV12@PEAVValue@2@@Z 00000001800012b0 f i Canvas.obj
 0001:000002b0       ?Cast@Float32Array@v8@@SAPEAV12@PEAVValue@2@@Z 00000001800012b0 f i Canvas.obj
 0001:000002b0       ??4Float64Array@v8@@QEAAAEAV01@$$QEAV01@@Z 00000001800012b0 f i Canvas.obj
 0001:000002b0       ?Cast@Set@v8@@SAPEAV12@PEAVValue@2@@Z 00000001800012b0 f i Canvas.obj
 0001:000002b0       ??4Value@v8@@QEAAAEAV01@AEBV01@@Z 00000001800012b0 f i Canvas.obj
 0001:000002b0       ??4ObjectTemplate@v8@@QEAAAEAV01@$$QEAV01@@Z 00000001800012b0 f i Canvas.obj
 0001:000002b0       ?Cast@Int32@v8@@SAPEAV12@PEAVValue@2@@Z 00000001800012b0 f i Canvas.obj
 0001:000002b0       ??4Uint8ClampedArray@v8@@QEAAAEAV01@$$QEAV01@@Z 00000001800012b0 f i Canvas.obj
 0001:000002b0       ??4NativeWeakMap@v8@@QEAAAEAV01@$$QEAV01@@Z 00000001800012b0 f i Canvas.obj
 0001:000002b0       ??4Primitive@v8@@QEAAAEAV01@AEBV01@@Z 00000001800012b0 f i Canvas.obj
 0001:000002b0       ??4StackTrace@v8@@QEAAAEAV01@$$QEAV01@@Z 00000001800012b0 f i Canvas.obj
 0001:000002b0       ??4Message@v8@@QEAAAEAV01@$$QEAV01@@Z 00000001800012b0 f i Canvas.obj
 0001:000002b0       ?Cast@ArrayBuffer@v8@@SAPEAV12@PEAVValue@2@@Z 00000001800012b0 f i Canvas.obj
 0001:000002b0       ?Cast@Int16Array@v8@@SAPEAV12@PEAVValue@2@@Z 00000001800012b0 f i Canvas.obj
 0001:000002b0       ??4Script@v8@@QEAAAEAV01@$$QEAV01@@Z 00000001800012b0 f i Canvas.obj
 0001:000002b0       ??4Value@v8@@QEAAAEAV01@$$QEAV01@@Z 00000001800012b0 f i Canvas.obj
 0001:000002b0       ??4TypedArray@v8@@QEAAAEAV01@AEBV01@@Z 00000001800012b0 f i Canvas.obj
 0001:000002b0       ??4Uint16Array@v8@@QEAAAEAV01@$$QEAV01@@Z 00000001800012b0 f i Canvas.obj
 0001:000002b0       ?Cast@Uint8Array@v8@@SAPEAV12@PEAVValue@2@@Z 00000001800012b0 f i Canvas.obj
 0001:000002b0       ??4Int32Array@v8@@QEAAAEAV01@AEBV01@@Z 00000001800012b0 f i Canvas.obj
 0001:000002b0       ?Cast@Date@v8@@SAPEAV12@PEAVValue@2@@Z 00000001800012b0 f i Canvas.obj
 0001:000002b0       ??4ExternalResourceVisitor@v8@@QEAAAEAV01@AEBV01@@Z 00000001800012b0 f i Canvas.obj
 0001:000002b0       ?Cast@TypedArray@v8@@SAPEAV12@PEAVValue@2@@Z 00000001800012b0 f i Canvas.obj
 0001:000002b0       ??4Uint8Array@v8@@QEAAAEAV01@$$QEAV01@@Z 00000001800012b0 f i Canvas.obj
 0001:000002b0       ??4Int8Array@v8@@QEAAAEAV01@$$QEAV01@@Z 00000001800012b0 f i Canvas.obj
 0001:000002b0       ??4Date@v8@@QEAAAEAV01@AEBV01@@Z 00000001800012b0 f i Canvas.obj
 0001:000002b0       ?Cast@Float64Array@v8@@SAPEAV12@PEAVValue@2@@Z 00000001800012b0 f i Canvas.obj
 0001:000002b0       ??4TypedArray@v8@@QEAAAEAV01@$$QEAV01@@Z 00000001800012b0 f i Canvas.obj
 0001:000002b0       ??4Promise@v8@@QEAAAEAV01@AEBV01@@Z 00000001800012b0 f i Canvas.obj
 0001:000002b0       ??4Resolver@Promise@v8@@QEAAAEAV012@$$QEAV012@@Z 00000001800012b0 f i Canvas.obj
 0001:000002b0       ??4Object@v8@@QEAAAEAV01@$$QEAV01@@Z 00000001800012b0 f i Canvas.obj
 0001:000002b0       ??4Context@v8@@QEAAAEAV01@AEBV01@@Z 00000001800012b0 f i Canvas.obj
 0001:000002b0       ??4Uint16Array@v8@@QEAAAEAV01@AEBV01@@Z 00000001800012b0 f i Canvas.obj
 0001:000002b0       ??4Int16Array@v8@@QEAAAEAV01@$$QEAV01@@Z 00000001800012b0 f i Canvas.obj
 0001:000002b0       ??4Uint32@v8@@QEAAAEAV01@AEBV01@@Z 00000001800012b0 f i Canvas.obj
 0001:000002b0       ??4External@v8@@QEAAAEAV01@$$QEAV01@@Z 00000001800012b0 f i Canvas.obj
 0001:000002b0       ??4ScriptCompiler@v8@@QEAAAEAV01@AEBV01@@Z 00000001800012b0 f i Canvas.obj
 0001:000002b0       ??4Number@v8@@QEAAAEAV01@AEBV01@@Z 00000001800012b0 f i Canvas.obj
 0001:000002b0       ?Cast@Boolean@v8@@SAPEAV12@PEAVValue@2@@Z 00000001800012b0 f i Canvas.obj
 0001:000002b0       ??4StackTrace@v8@@QEAAAEAV01@AEBV01@@Z 00000001800012b0 f i Canvas.obj
 0001:000002b0       ?Cast@SharedArrayBuffer@v8@@SAPEAV12@PEAVValue@2@@Z 00000001800012b0 f i Canvas.obj
 0001:000002b0       ??4AccessorSignature@v8@@QEAAAEAV01@AEBV01@@Z 00000001800012b0 f i Canvas.obj
 0001:000002b0       ?Cast@Array@v8@@SAPEAV12@PEAVValue@2@@Z 00000001800012b0 f i Canvas.obj
 0001:000002b0       ?Cast@Integer@v8@@SAPEAV12@PEAVValue@2@@Z 00000001800012b0 f i Canvas.obj
 0001:000002b0       ??4DataView@v8@@QEAAAEAV01@$$QEAV01@@Z 00000001800012b0 f i Canvas.obj
 0001:000002b0       ?Cast@Uint32Array@v8@@SAPEAV12@PEAVValue@2@@Z 00000001800012b0 f i Canvas.obj
 0001:000002b0       ??4Template@v8@@QEAAAEAV01@AEBV01@@Z 00000001800012b0 f i Canvas.obj
 0001:000002b0       ?Cast@SymbolObject@v8@@SAPEAV12@PEAVValue@2@@Z 00000001800012b0 f i Canvas.obj
 0001:000002b0       ??4Map@v8@@QEAAAEAV01@$$QEAV01@@Z 00000001800012b0 f i Canvas.obj
 0001:000002b0       ??4Array@v8@@QEAAAEAV01@AEBV01@@Z 00000001800012b0 f i Canvas.obj
 0001:000002b0       ??4Array@v8@@QEAAAEAV01@$$QEAV01@@Z 00000001800012b0 f i Canvas.obj
 0001:000002b0       ??4JSON@v8@@QEAAAEAV01@$$QEAV01@@Z 00000001800012b0 f i Canvas.obj
 0001:000002b0       ??4FunctionTemplate@v8@@QEAAAEAV01@$$QEAV01@@Z 00000001800012b0 f i Canvas.obj
 0001:000002b0       ??4Exception@v8@@QEAAAEAV01@AEBV01@@Z 00000001800012b0 f i Canvas.obj
 0001:000002b0       ??4Function@v8@@QEAAAEAV01@$$QEAV01@@Z 00000001800012b0 f i Canvas.obj
 0001:000002b0       ??4NumberObject@v8@@QEAAAEAV01@$$QEAV01@@Z 00000001800012b0 f i Canvas.obj
 0001:000002b0       ??4Resolver@Promise@v8@@QEAAAEAV012@AEBV012@@Z 00000001800012b0 f i Canvas.obj
 0001:000002b0       ??4Script@v8@@QEAAAEAV01@AEBV01@@Z 00000001800012b0 f i Canvas.obj
 0001:000002b0       ??4Name@v8@@QEAAAEAV01@$$QEAV01@@Z 00000001800012b0 f i Canvas.obj
 0001:000002b0       ??4Float32Array@v8@@QEAAAEAV01@$$QEAV01@@Z 00000001800012b0 f i Canvas.obj
 0001:000002b0       ?Cast@Int32Array@v8@@SAPEAV12@PEAVValue@2@@Z 00000001800012b0 f i Canvas.obj
 0001:000002b0       ?Cast@String@v8@@SAPEAV12@PEAVValue@2@@Z 00000001800012b0 f i Canvas.obj
 0001:000002b0       ?Cast@Uint16Array@v8@@SAPEAV12@PEAVValue@2@@Z 00000001800012b0 f i Canvas.obj
 0001:000002b0       ?Cast@NumberObject@v8@@SAPEAV12@PEAVValue@2@@Z 00000001800012b0 f i Canvas.obj
 0001:000002b0       ??4PersistentHandleVisitor@v8@@QEAAAEAV01@AEBV01@@Z 00000001800012b0 f i Canvas.obj
 0001:000002b0       ??4ExternalSourceStream@ScriptCompiler@v8@@QEAAAEAV012@AEBV012@@Z 00000001800012b0 f i Canvas.obj
 0001:000002b0       ??4Data@v8@@QEAAAEAV01@$$QEAV01@@Z 00000001800012b0 f i Canvas.obj
 0001:000002b0       ??4BooleanObject@v8@@QEAAAEAV01@$$QEAV01@@Z 00000001800012b0 f i Canvas.obj
 0001:000002c0       ??1EscapableHandleScope@Nan@@QEAA@XZ 00000001800012c0 f i Canvas.obj
 0001:000002c0       ??1HandleScope@Nan@@QEAA@XZ 00000001800012c0 f i Canvas.obj
 0001:000002c0       ??1EscapableHandleScope@v8@@QEAA@XZ 00000001800012c0 f i Canvas.obj
 0001:000002d0       ??0CachedData@ScriptCompiler@v8@@QEAA@XZ 00000001800012d0 f i Canvas.obj
 0001:000002f0       ??1ExternalSourceStream@ScriptCompiler@v8@@UEAA@XZ 00000001800012f0 f i Canvas.obj
 0001:00000300       ??0ExternalSourceStream@ScriptCompiler@v8@@QEAA@XZ 0000000180001300 f i Canvas.obj
 0001:00000300       ??0ExternalSourceStream@ScriptCompiler@v8@@QEAA@AEBV012@@Z 0000000180001300 f i Canvas.obj
 0001:00000310       ??_EExternalSourceStream@ScriptCompiler@v8@@UEAAPEAXI@Z 0000000180001310 f i Canvas.obj
 0001:000003a0       ??1ExternalOneByteStringResourceImpl@v8@@UEAA@XZ 00000001800013a0 f i Canvas.obj
 0001:000003a0       ??1ExternalOneByteStringResource@String@v8@@UEAA@XZ 00000001800013a0 f i Canvas.obj
 0001:000003a0       ??1ExternalStringResourceBase@String@v8@@UEAA@XZ 00000001800013a0 f i Canvas.obj
 0001:000003a0       ??1ExternalStringResource@String@v8@@UEAA@XZ 00000001800013a0 f i Canvas.obj
 0001:000003b0       ?IsCompressible@ExternalStringResourceBase@String@v8@@UEBA_NXZ 00000001800013b0 f i Canvas.obj
 0001:000003c0       ??0ExternalStringResourceBase@String@v8@@IEAA@XZ 00000001800013c0 f i Canvas.obj
 0001:000003d0       ?Dispose@ExternalStringResourceBase@String@v8@@MEAAXXZ 00000001800013d0 f i Canvas.obj
 0001:000003f0       ??0ExternalOneByteStringResource@String@v8@@IEAA@XZ 00000001800013f0 f i Canvas.obj
 0001:000003f0       ??0ExternalStringResource@String@v8@@IEAA@XZ 00000001800013f0 f i Canvas.obj
 0001:00000400       ?length@Value@String@v8@@QEBAHXZ 0000000180001400 f i Canvas.obj
 0001:00000400       ?length@Utf8Value@String@v8@@QEBAHXZ 0000000180001400 f i Canvas.obj
 0001:00000400       ?max_executable_size@ResourceConstraints@v8@@QEBAHXZ 0000000180001400 f i Canvas.obj
 0001:00000410       ??_EExternalStringResource@String@v8@@UEAAPEAXI@Z 0000000180001410 f i Canvas.obj
 0001:00000410       ??_EExternalOneByteStringResource@String@v8@@UEAAPEAXI@Z 0000000180001410 f i Canvas.obj
 0001:00000410       ??_EExternalStringResourceBase@String@v8@@UEAAPEAXI@Z 0000000180001410 f i Canvas.obj
 0001:000004a0       ?InternalFieldCount@Object@v8@@SAHAEBV?$PersistentBase@VObject@v8@@@2@@Z 00000001800014a0 f i Canvas.obj
 0001:000004b0       ?GetAlignedPointerFromInternalField@Object@v8@@SAPEAXAEBV?$PersistentBase@VObject@v8@@@2@H@Z 00000001800014b0 f i Canvas.obj
 0001:000004e0       ?NewInstance@Function@v8@@QEBA?AV?$MaybeLocal@VObject@v8@@@2@V?$Local@VContext@v8@@@2@@Z 00000001800014e0 f i Canvas.obj
 0001:00000510       ??1Allocator@ArrayBuffer@v8@@UEAA@XZ 0000000180001510 f i Canvas.obj
 0001:00000520       ??0Contents@SharedArrayBuffer@v8@@QEAA@XZ 0000000180001520 f i Canvas.obj
 0001:00000520       ??0Contents@ArrayBuffer@v8@@QEAA@XZ 0000000180001520 f i Canvas.obj
 0001:00000530       ?ByteLength@Contents@SharedArrayBuffer@v8@@QEBA_KXZ 0000000180001530 f i Canvas.obj
 0001:00000530       ?ByteLength@Contents@ArrayBuffer@v8@@QEBA_KXZ 0000000180001530 f i Canvas.obj
 0001:00000530       ?begin@ExtensionConfiguration@v8@@QEBAPEAPEBDXZ 0000000180001530 f i Canvas.obj
 0001:00000530       ?object_sub_type@HeapObjectStatistics@v8@@QEAAPEBDXZ 0000000180001530 f i Canvas.obj
 0001:00000530       ?space_size@HeapSpaceStatistics@v8@@QEAA_KXZ 0000000180001530 f i Canvas.obj
 0001:00000530       ?total_heap_size_executable@HeapStatistics@v8@@QEAA_KXZ 0000000180001530 f i Canvas.obj
 0001:00000530       ?name@Extension@v8@@QEBAPEBDXZ 0000000180001530 f i Canvas.obj
 0001:00000530       ?data@ExternalOneByteStringResourceImpl@v8@@UEBAPEBDXZ 0000000180001530 f i Canvas.obj
 0001:00000540       ??0Allocator@ArrayBuffer@v8@@QEAA@AEBV012@@Z 0000000180001540 f i Canvas.obj
 0001:00000540       ??0Allocator@ArrayBuffer@v8@@QEAA@XZ 0000000180001540 f i Canvas.obj
 0001:00000550       ??_EAllocator@ArrayBuffer@v8@@UEAAPEAXI@Z 0000000180001550 f i Canvas.obj
 0001:000005e0       ??4StartupData@v8@@QEAAAEAV01@AEBV01@@Z 00000001800015e0 f i Canvas.obj
 0001:000005e0       ??4Contents@SharedArrayBuffer@v8@@QEAAAEAV012@AEBV012@@Z 00000001800015e0 f i Canvas.obj
 0001:000005e0       ??4Contents@ArrayBuffer@v8@@QEAAAEAV012@AEBV012@@Z 00000001800015e0 f i Canvas.obj
 0001:000005f0       ??4Contents@ArrayBuffer@v8@@QEAAAEAV012@$$QEAV012@@Z 00000001800015f0 f i Canvas.obj
 0001:000005f0       ??4Contents@SharedArrayBuffer@v8@@QEAAAEAV012@$$QEAV012@@Z 00000001800015f0 f i Canvas.obj
 0001:00000610       ?SetIndexedPropertyHandler@ObjectTemplate@v8@@QEAAXP6AXIAEBV?$PropertyCallbackInfo@VValue@v8@@@2@@ZP6AXIV?$Local@VValue@v8@@@2@0@ZP6AXIAEBV?$PropertyCallbackInfo@VInteger@v8@@@2@@ZP6AXIAEBV?$PropertyCallbackInfo@VBoolean@v8@@@2@@ZP6AXAEBV?$PropertyCallbackInfo@VArray@v8@@@2@@Z2@Z 0000000180001610 f i Canvas.obj
 0001:00000660       ??0ExternalOneByteStringResourceImpl@v8@@QEAA@XZ 0000000180001660 f i Canvas.obj
 0001:00000680       ??0ExternalOneByteStringResourceImpl@v8@@QEAA@PEBD_K@Z 0000000180001680 f i Canvas.obj
 0001:000006a0       ?space_used_size@HeapSpaceStatistics@v8@@QEAA_KXZ 00000001800016a0 f i Canvas.obj
 0001:000006a0       ?object_count@HeapObjectStatistics@v8@@QEAA_KXZ 00000001800016a0 f i Canvas.obj
 0001:000006a0       ?length@ExternalOneByteStringResourceImpl@v8@@UEBA_KXZ 00000001800016a0 f i Canvas.obj
 0001:000006a0       ?source_length@Extension@v8@@QEBA_KXZ 00000001800016a0 f i Canvas.obj
 0001:000006a0       ?total_physical_size@HeapStatistics@v8@@QEAA_KXZ 00000001800016a0 f i Canvas.obj
 0001:000006a0       ?stack_limit@ResourceConstraints@v8@@QEBAPEAIXZ 00000001800016a0 f i Canvas.obj
 0001:000006b0       ??_EExternalOneByteStringResourceImpl@v8@@UEAAPEAXI@Z 00000001800016b0 f i Canvas.obj
 0001:00000740       ??1Extension@v8@@UEAA@XZ   0000000180001740 f i Canvas.obj
 0001:00000760       ?GetNativeFunctionTemplate@Extension@v8@@UEAA?AV?$Local@VFunctionTemplate@v8@@@2@PEAVIsolate@2@V?$Local@VString@v8@@@2@@Z 0000000180001760 f i Canvas.obj
 0001:00000770       ?source@Extension@v8@@QEBAPEBVExternalOneByteStringResource@String@2@XZ 0000000180001770 f i Canvas.obj
 0001:00000780       ?dependency_count@Extension@v8@@QEAAHXZ 0000000180001780 f i Canvas.obj
 0001:00000790       ?dependencies@Extension@v8@@QEAAPEAPEBDXZ 0000000180001790 f i Canvas.obj
 0001:000007a0       ?set_auto_enable@Extension@v8@@QEAAX_N@Z 00000001800017a0 f i Canvas.obj
 0001:000007b0       ?auto_enable@Extension@v8@@QEAA_NXZ 00000001800017b0 f i Canvas.obj
 0001:000007c0       ??_EExtension@v8@@UEAAPEAXI@Z 00000001800017c0 f i Canvas.obj
 0001:00000860       ?max_semi_space_size@ResourceConstraints@v8@@QEBAHXZ 0000000180001860 f i Canvas.obj
 0001:00000870       ?set_max_semi_space_size@ResourceConstraints@v8@@QEAAXH@Z 0000000180001870 f i Canvas.obj
 0001:00000880       ?max_old_space_size@ResourceConstraints@v8@@QEBAHXZ 0000000180001880 f i Canvas.obj
 0001:00000890       ?set_max_old_space_size@ResourceConstraints@v8@@QEAAXH@Z 0000000180001890 f i Canvas.obj
 0001:000008a0       ?set_max_executable_size@ResourceConstraints@v8@@QEAAXH@Z 00000001800018a0 f i Canvas.obj
 0001:000008b0       ?set_stack_limit@ResourceConstraints@v8@@QEAAXPEAI@Z 00000001800018b0 f i Canvas.obj
 0001:000008c0       ?space_available_size@HeapSpaceStatistics@v8@@QEAA_KXZ 00000001800018c0 f i Canvas.obj
 0001:000008c0       ?object_size@HeapObjectStatistics@v8@@QEAA_KXZ 00000001800018c0 f i Canvas.obj
 0001:000008c0       ?total_available_size@HeapStatistics@v8@@QEAA_KXZ 00000001800018c0 f i Canvas.obj
 0001:000008c0       ?code_range_size@ResourceConstraints@v8@@QEBA_KXZ 00000001800018c0 f i Canvas.obj
 0001:000008d0       ?set_code_range_size@ResourceConstraints@v8@@QEAAX_K@Z 00000001800018d0 f i Canvas.obj
 0001:000008e0       ??4ResourceConstraints@v8@@QEAAAEAV01@AEBV01@@Z 00000001800018e0 f i Canvas.obj
 0001:000008e0       ??4HeapObjectStatistics@v8@@QEAAAEAV01@AEBV01@@Z 00000001800018e0 f i Canvas.obj
 0001:00000900       ??4ResourceConstraints@v8@@QEAAAEAV01@$$QEAV01@@Z 0000000180001900 f i Canvas.obj
 0001:00000930       ?physical_space_size@HeapSpaceStatistics@v8@@QEAA_KXZ 0000000180001930 f i Canvas.obj
 0001:00000930       ?used_heap_size@HeapStatistics@v8@@QEAA_KXZ 0000000180001930 f i Canvas.obj
 0001:00000940       ?heap_size_limit@HeapStatistics@v8@@QEAA_KXZ 0000000180001940 f i Canvas.obj
 0001:00000950       ?does_zap_garbage@HeapStatistics@v8@@QEAA_KXZ 0000000180001950 f i Canvas.obj
 0001:00000960       ??4HeapStatistics@v8@@QEAAAEAV01@AEBV01@@Z 0000000180001960 f i Canvas.obj
 0001:00000990       ??4HeapStatistics@v8@@QEAAAEAV01@$$QEAV01@@Z 0000000180001990 f i Canvas.obj
 0001:000009d0       ??4HeapSpaceStatistics@v8@@QEAAAEAV01@AEBV01@@Z 00000001800019d0 f i Canvas.obj
 0001:000009f0       ??4HeapSpaceStatistics@v8@@QEAAAEAV01@$$QEAV01@@Z 00000001800019f0 f i Canvas.obj
 0001:00000a20       ??4HeapObjectStatistics@v8@@QEAAAEAV01@$$QEAV01@@Z 0000000180001a20 f i Canvas.obj
 0001:00000a50       ??1ExternalResourceVisitor@v8@@UEAA@XZ 0000000180001a50 f i Canvas.obj
 0001:00000a50       ??1PersistentHandleVisitor@v8@@UEAA@XZ 0000000180001a50 f i Canvas.obj
 0001:00000a60       __except_validate_jump_buffer 0000000180001a60 f i libvcruntime:jbcxrval.obj
 0001:00000a60       _guard_check_icall_nop     0000000180001a60 f i LIBCMT:guard_support.obj
 0001:00000a60       ?stream_pdf_free@@YAXPEADPEAX@Z 0000000180001a60 f i Canvas.obj
 0001:00000a60       ?VisitExternalString@ExternalResourceVisitor@v8@@UEAAXV?$Local@VString@v8@@@2@@Z 0000000180001a60 f i Canvas.obj
 0001:00000a60       __except_validate_context_record 0000000180001a60 f i libvcruntime:jbcxrval.obj
 0001:00000a60       ?VisitPersistentHandle@PersistentHandleVisitor@v8@@UEAAXPEAV?$Persistent@VValue@v8@@V?$NonCopyablePersistentTraits@VValue@v8@@@2@@2@G@Z 0000000180001a60 f i Canvas.obj
 0001:00000a70       ??0PersistentHandleVisitor@v8@@QEAA@XZ 0000000180001a70 f i Canvas.obj
 0001:00000a70       ??0PersistentHandleVisitor@v8@@QEAA@AEBV01@@Z 0000000180001a70 f i Canvas.obj
 0001:00000a70       ??0ExternalResourceVisitor@v8@@QEAA@AEBV01@@Z 0000000180001a70 f i Canvas.obj
 0001:00000a70       ??0ExternalResourceVisitor@v8@@QEAA@XZ 0000000180001a70 f i Canvas.obj
 0001:00000a80       ??_EExternalResourceVisitor@v8@@UEAAPEAXI@Z 0000000180001a80 f i Canvas.obj
 0001:00000a80       ??_EPersistentHandleVisitor@v8@@UEAAPEAXI@Z 0000000180001a80 f i Canvas.obj
 0001:00000b10       ??0Scope@Isolate@v8@@QEAA@PEAV12@@Z 0000000180001b10 f i Canvas.obj
 0001:00000b30       ??1Scope@Isolate@v8@@QEAA@XZ 0000000180001b30 f i Canvas.obj
 0001:00000b50       ??4StartupData@v8@@QEAAAEAV01@$$QEAV01@@Z 0000000180001b50 f i Canvas.obj
 0001:00000b60       ?JSStackComparableAddress@TryCatch@v8@@SAPEAXPEAV12@@Z 0000000180001b60 f i Canvas.obj
 0001:00000b70       ??0ExtensionConfiguration@v8@@QEAA@XZ 0000000180001b70 f i Canvas.obj
 0001:00000b80       ??0ExtensionConfiguration@v8@@QEAA@HQEAPEBD@Z 0000000180001b80 f i Canvas.obj
 0001:00000b90       ?end@ExtensionConfiguration@v8@@QEBAPEAPEBDXZ 0000000180001b90 f i Canvas.obj
 0001:00000ba0       ??0Unlocker@v8@@QEAA@PEAVIsolate@1@@Z 0000000180001ba0 f i Canvas.obj
 0001:00000bc0       ??4Unlocker@v8@@QEAAAEAV01@AEBV01@@Z 0000000180001bc0 f i Canvas.obj
 0001:00000bd0       ??0Locker@v8@@QEAA@PEAVIsolate@1@@Z 0000000180001bd0 f i Canvas.obj
 0001:00000bf0       ?New@Boolean@v8@@SA?AV?$Local@VBoolean@v8@@@2@PEAVIsolate@2@_N@Z 0000000180001bf0 f i Canvas.obj
 0001:00000c10       ?Set@Template@v8@@QEAAXPEAVIsolate@2@PEBDV?$Local@VData@v8@@@2@@Z 0000000180001c10 f i Canvas.obj
 0001:00000c70       ?GetInternalField@Object@v8@@QEAA?AV?$Local@VValue@v8@@@2@H@Z 0000000180001c70 f i Canvas.obj
 0001:00000cc0       ?GetAlignedPointerFromInternalField@Object@v8@@QEAAPEAXH@Z 0000000180001cc0 f i Canvas.obj
 0001:00000ce0       ?Empty@String@v8@@SA?AV?$Local@VString@v8@@@2@PEAVIsolate@2@@Z 0000000180001ce0 f i Canvas.obj
 0001:00000cf0       ?GetExternalStringResource@String@v8@@QEBAPEAVExternalStringResource@12@XZ 0000000180001cf0 f i Canvas.obj
 0001:00000d10       ?GetExternalStringResourceBase@String@v8@@QEBAPEAVExternalStringResourceBase@12@PEAW4Encoding@12@@Z 0000000180001d10 f i Canvas.obj
 0001:00000d40       ?IsUndefined@Value@v8@@QEBA_NXZ 0000000180001d40 f i Canvas.obj
 0001:00000d70       ?QuickIsUndefined@Value@v8@@AEBA_NXZ 0000000180001d70 f i Canvas.obj
 0001:00000da0       ?IsNull@Value@v8@@QEBA_NXZ 0000000180001da0 f i Canvas.obj
 0001:00000dd0       ?QuickIsNull@Value@v8@@AEBA_NXZ 0000000180001dd0 f i Canvas.obj
 0001:00000e00       ?IsString@Value@v8@@QEBA_NXZ 0000000180001e00 f i Canvas.obj
 0001:00000e30       ?QuickIsString@Value@v8@@AEBA_NXZ 0000000180001e30 f i Canvas.obj
 0001:00000e60       ?ToBoolean@Value@v8@@QEBA?AV?$Local@VBoolean@v8@@@2@XZ 0000000180001e60 f i Canvas.obj
 0001:00000eb0       ?ToNumber@Value@v8@@QEBA?AV?$Local@VNumber@v8@@@2@XZ 0000000180001eb0 f i Canvas.obj
 0001:00000f00       ?ToString@Value@v8@@QEBA?AV?$Local@VString@v8@@@2@XZ 0000000180001f00 f i Canvas.obj
 0001:00000f50       ?ToDetailString@Value@v8@@QEBA?AV?$Local@VString@v8@@@2@XZ 0000000180001f50 f i Canvas.obj
 0001:00000fa0       ?ToObject@Value@v8@@QEBA?AV?$Local@VObject@v8@@@2@XZ 0000000180001fa0 f i Canvas.obj
 0001:00000ff0       ?ToInteger@Value@v8@@QEBA?AV?$Local@VInteger@v8@@@2@XZ 0000000180001ff0 f i Canvas.obj
 0001:00001040       ?ToUint32@Value@v8@@QEBA?AV?$Local@VUint32@v8@@@2@XZ 0000000180002040 f i Canvas.obj
 0001:00001090       ?ToInt32@Value@v8@@QEBA?AV?$Local@VInt32@v8@@@2@XZ 0000000180002090 f i Canvas.obj
 0001:000010e0       ?SetData@Isolate@v8@@QEAAXIPEAX@Z 00000001800020e0 f i Canvas.obj
 0001:000010f0       ?GetData@Isolate@v8@@QEAAPEAXI@Z 00000001800020f0 f i Canvas.obj
 0001:00001100       ?GetNumberOfDataSlots@Isolate@v8@@SAIXZ 0000000180002100 f i Canvas.obj
 0001:00001110       ?AdjustAmountOfExternalAllocatedMemory@Isolate@v8@@QEAA_J_J@Z 0000000180002110 f i Canvas.obj
 0001:00001170       ?GetEmbedderData@Context@v8@@QEAA?AV?$Local@VValue@v8@@@2@H@Z 0000000180002170 f i Canvas.obj
 0001:000011a0       ?GetAlignedPointerFromEmbedderData@Context@v8@@QEAAPEAXH@Z 00000001800021a0 f i Canvas.obj
 0001:000011b0       ?SetAllowCodeGenerationFromStringsCallback@V8@v8@@SAXP6A_NV?$Local@VContext@v8@@@2@@Z@Z 00000001800021b0 f i Canvas.obj
 0001:000011e0       ?IsDead@V8@v8@@SA_NXZ      00000001800021e0 f i Canvas.obj
 0001:00001200       ?AddMessageListener@V8@v8@@SA_NP6AXV?$Local@VMessage@v8@@@2@V?$Local@VValue@v8@@@2@@Z1@Z 0000000180002200 f i Canvas.obj
 0001:00001230       ?RemoveMessageListeners@V8@v8@@SAXP6AXV?$Local@VMessage@v8@@@2@V?$Local@VValue@v8@@@2@@Z@Z 0000000180002230 f i Canvas.obj
 0001:00001260       ?SetFailedAccessCheckCallbackFunction@V8@v8@@SAXP6AXV?$Local@VObject@v8@@@2@W4AccessType@2@V?$Local@VValue@v8@@@2@@Z@Z 0000000180002260 f i Canvas.obj
 0001:00001290       ?SetCaptureStackTraceForUncaughtExceptions@V8@v8@@SAX_NHW4StackTraceOptions@StackTrace@2@@Z 0000000180002290 f i Canvas.obj
 0001:000012d0       ?SetFatalErrorHandler@V8@v8@@SAXP6AXPEBD0@Z@Z 00000001800022d0 f i Canvas.obj
 0001:00001300       ?RemoveGCPrologueCallback@V8@v8@@SAXP6AXW4GCType@2@W4GCCallbackFlags@2@@Z@Z 0000000180002300 f i Canvas.obj
 0001:00001330       ?RemoveGCEpilogueCallback@V8@v8@@SAXP6AXW4GCType@2@W4GCCallbackFlags@2@@Z@Z 0000000180002330 f i Canvas.obj
 0001:00001360       ?AddMemoryAllocationCallback@V8@v8@@SAXP6AXW4ObjectSpace@2@W4AllocationAction@2@H@Z01@Z 0000000180002360 f i Canvas.obj
 0001:000013a0       ?RemoveMemoryAllocationCallback@V8@v8@@SAXP6AXW4ObjectSpace@2@W4AllocationAction@2@H@Z@Z 00000001800023a0 f i Canvas.obj
 0001:000013d0       ?TerminateExecution@V8@v8@@SAXPEAVIsolate@2@@Z 00000001800023d0 f i Canvas.obj
 0001:000013e0       ?IsExecutionTerminating@V8@v8@@SA_NPEAVIsolate@2@@Z 00000001800023e0 f i Canvas.obj
 0001:00001400       ?CancelTerminateExecution@V8@v8@@SAXPEAVIsolate@2@@Z 0000000180002400 f i Canvas.obj
 0001:00001410       ?VisitExternalResources@V8@v8@@SAXPEAVExternalResourceVisitor@2@@Z 0000000180002410 f i Canvas.obj
 0001:00001440       ?VisitHandlesWithClassIds@V8@v8@@SAXPEAVPersistentHandleVisitor@2@@Z 0000000180002440 f i Canvas.obj
 0001:00001470       ?VisitHandlesWithClassIds@V8@v8@@SAXPEAVIsolate@2@PEAVPersistentHandleVisitor@2@@Z 0000000180002470 f i Canvas.obj
 0001:00001480       ?VisitHandlesForPartialDependence@V8@v8@@SAXPEAVIsolate@2@PEAVPersistentHandleVisitor@2@@Z 0000000180002480 f i Canvas.obj
 0001:000016b0       ?New@?$Factory@VFunctionTemplate@v8@@@imp@Nan@@SA?AV?$Local@VFunctionTemplate@v8@@@v8@@P6AXAEBV?$FunctionCallbackInfo@VValue@v8@@@3@@ZV?$Local@VValue@v8@@@5@V?$Local@VSignature@v8@@@5@@Z 00000001800026b0 f i Canvas.obj
 0001:00001840       ?AdjustExternalMemory@Nan@@YAHH@Z 0000000180002840 f i Canvas.obj
 0001:000018b0       ?ThrowRangeError@Nan@@YAXPEBD@Z 00000001800028b0 f i Canvas.obj
 0001:00001950       ?ThrowTypeError@Nan@@YAXPEBD@Z 0000000180002950 f i Canvas.obj
 0001:000019f0       ??0Callback@Nan@@QEAA@AEBV?$Local@VFunction@v8@@@v8@@@Z 00000001800029f0 f i Canvas.obj
 0001:00001ab0       ?SetFunction@Callback@Nan@@QEAAXAEBV?$Local@VFunction@v8@@@v8@@@Z 0000000180002ab0 f i Canvas.obj
 0001:00001b50       ?Call_@Callback@Nan@@AEBA?AV?$Local@VValue@v8@@@v8@@PEAVIsolate@4@V?$Local@VObject@v8@@@4@HQEAV34@@Z 0000000180002b50 f i Canvas.obj
 0001:00001c20       ??1?$Persistent@VObject@v8@@V?$NonCopyablePersistentTraits@VObject@v8@@@2@@Nan@@QEAA@XZ 0000000180002c20 f i Canvas.obj
 0001:00001c40       ??_GCallback@Nan@@QEAAPEAXI@Z 0000000180002c40 f i Canvas.obj
 0001:00001c80       ?SetPrototypeMethod@Nan@@YAXV?$Local@VFunctionTemplate@v8@@@v8@@PEBDP6AXAEBV?$FunctionCallbackInfo@VValue@v8@@@1@@Z@Z 0000000180002c80 f i Canvas.obj
 0001:00001d90       ?SetAccessor@Nan@@YAXV?$Local@VObjectTemplate@v8@@@v8@@V?$Local@VString@v8@@@3@P6AX1AEBV?$PropertyCallbackInfo@VValue@v8@@@1@@ZP6AX1V?$Local@VValue@v8@@@3@AEBV?$PropertyCallbackInfo@X@1@@Z4W4AccessControl@3@W4PropertyAttribute@3@V?$Local@VAccessorSignature@v8@@@3@@Z 0000000180002d90 f i Canvas.obj
 0001:00001f30       ??1ObjectWrap@Nan@@UEAA@XZ 0000000180002f30 f i Canvas.obj
 0001:00001fb0       ?Wrap@ObjectWrap@Nan@@IEAAXV?$Local@VObject@v8@@@v8@@@Z 0000000180002fb0 f i Canvas.obj
 0001:00002090       ?Ref@ObjectWrap@Nan@@MEAAXXZ 0000000180003090 f i Canvas.obj
 0001:000020d0       ?Unref@ObjectWrap@Nan@@MEAAXXZ 00000001800030d0 f i Canvas.obj
 0001:00002180       ?WeakCallback@ObjectWrap@Nan@@CAXAEBV?$WeakCallbackInfo@VObjectWrap@Nan@@@v8@@@Z 0000000180003180 f i Canvas.obj
 0001:00002210       ??_EObjectWrap@Nan@@UEAAPEAXI@Z 0000000180003210 f i * CIL library *:* CIL module *
 0001:00002210       ??_GObjectWrap@Nan@@UEAAPEAXI@Z 0000000180003210 f i Canvas.obj
 0001:00002250       ?closure_init@@YA?AW4_cairo_status@@PEAUclosure_t@@PEAVCanvas@@II@Z 0000000180003250 f   Canvas.obj
 0001:000022c0       ?closure_destroy@@YAXPEAUclosure_t@@@Z 00000001800032c0 f   Canvas.obj
 0001:000027c0       ?Initialize@Canvas@@SAXV?$Local@VObject@v8@@@v8@@@Z 00000001800037c0 f   Canvas.obj
 0001:00002ee0       ?New@Canvas@@SAXAEBV?$FunctionCallbackInfo@VValue@v8@@@Nan@@@Z 0000000180003ee0 f   Canvas.obj
 0001:00003150       ?GetType@Canvas@@SAXV?$Local@VString@v8@@@v8@@AEBV?$PropertyCallbackInfo@VValue@v8@@@Nan@@@Z 0000000180004150 f   Canvas.obj
 0001:00003260       ?GetWidth@Canvas@@SAXV?$Local@VString@v8@@@v8@@AEBV?$PropertyCallbackInfo@VValue@v8@@@Nan@@@Z 0000000180004260 f   Canvas.obj
 0001:00003260       ?GetWidth@ImageData@@SAXV?$Local@VString@v8@@@v8@@AEBV?$PropertyCallbackInfo@VValue@v8@@@Nan@@@Z 0000000180004260 f   ImageData.obj
 0001:00003340       ?SetWidth@Canvas@@SAXV?$Local@VString@v8@@@v8@@V?$Local@VValue@v8@@@3@AEBV?$PropertyCallbackInfo@X@Nan@@@Z 0000000180004340 f   Canvas.obj
 0001:000033a0       ?GetHeight@ImageData@@SAXV?$Local@VString@v8@@@v8@@AEBV?$PropertyCallbackInfo@VValue@v8@@@Nan@@@Z 00000001800043a0 f   ImageData.obj
 0001:000033a0       ?GetHeight@Canvas@@SAXV?$Local@VString@v8@@@v8@@AEBV?$PropertyCallbackInfo@VValue@v8@@@Nan@@@Z 00000001800043a0 f   Canvas.obj
 0001:00003480       ?SetHeight@Canvas@@SAXV?$Local@VString@v8@@@v8@@V?$Local@VValue@v8@@@3@AEBV?$PropertyCallbackInfo@X@Nan@@@Z 0000000180004480 f   Canvas.obj
 0001:00003560       ?ToBufferAsync@Canvas@@SAXPEAUuv_work_s@@@Z 0000000180004560 f   Canvas.obj
 0001:000035d0       ?ToBufferAsyncAfter@Canvas@@SAXPEAUuv_work_s@@@Z 00000001800045d0 f   Canvas.obj
 0001:00003840       ?ToBuffer@Canvas@@SAXAEBV?$FunctionCallbackInfo@VValue@v8@@@Nan@@@Z 0000000180004840 f   Canvas.obj
 0001:00004100       ?StreamPNGSync@Canvas@@SAXAEBV?$FunctionCallbackInfo@VValue@v8@@@Nan@@@Z 0000000180005100 f   Canvas.obj
 0001:000047e0       ?StreamPDFSync@Canvas@@SAXAEBV?$FunctionCallbackInfo@VValue@v8@@@Nan@@@Z 00000001800057e0 f   Canvas.obj
 0001:00004a40       ??1TryCatch@Nan@@QEAA@XZ   0000000180005a40 f i Canvas.obj
 0001:00004a50       ??0Canvas@@QEAA@HHW4canvas_type_t@@@Z 0000000180005a50 f   Canvas.obj
 0001:00004c40       ??_ECanvas@@EEAAPEAXI@Z    0000000180005c40 f i * CIL library *:* CIL module *
 0001:00004c40       ??_GCanvas@@EEAAPEAXI@Z    0000000180005c40 f i Canvas.obj
 0001:00004c80       ??1Canvas@@EEAA@XZ         0000000180005c80 f   Canvas.obj
 0001:00004d50       ?resurface@Canvas@@QEAAXV?$Local@VObject@v8@@@v8@@@Z 0000000180005d50 f   Canvas.obj
 0001:00005010       ??$Unwrap@VGradient@@@ObjectWrap@Nan@@SAPEAVGradient@@V?$Local@VObject@v8@@@v8@@@Z 0000000180006010 f i CanvasGradient.obj
 0001:00005010       ??$Unwrap@VPattern@@@ObjectWrap@Nan@@SAPEAVPattern@@V?$Local@VObject@v8@@@v8@@@Z 0000000180006010 f i CanvasRenderingContext2d.obj
 0001:00005010       ??$Unwrap@VCanvas@@@ObjectWrap@Nan@@SAPEAVCanvas@@V?$Local@VObject@v8@@@v8@@@Z 0000000180006010 f i Canvas.obj
 0001:00005010       ??$Unwrap@VImage@@@ObjectWrap@Nan@@SAPEAVImage@@V?$Local@VObject@v8@@@v8@@@Z 0000000180006010 f i CanvasPattern.obj
 0001:00005010       ??$Unwrap@VContext2d@@@ObjectWrap@Nan@@SAPEAVContext2d@@V?$Local@VObject@v8@@@v8@@@Z 0000000180006010 f i Canvas.obj
 0001:00005010       ??$Unwrap@VImageData@@@ObjectWrap@Nan@@SAPEAVImageData@@V?$Local@VObject@v8@@@v8@@@Z 0000000180006010 f i CanvasRenderingContext2d.obj
 0001:00005090       ?Initialize@Gradient@@SAXV?$Local@VObject@v8@@@v8@@@Z 0000000180006090 f   CanvasGradient.obj
 0001:00005260       ?New@Gradient@@SAXAEBV?$FunctionCallbackInfo@VValue@v8@@@Nan@@@Z 0000000180006260 f   CanvasGradient.obj
 0001:00005560       ?AddColorStop@Gradient@@SAXAEBV?$FunctionCallbackInfo@VValue@v8@@@Nan@@@Z 0000000180006560 f   CanvasGradient.obj
 0001:00005760       ??_GGradient@@EEAAPEAXI@Z  0000000180006760 f i CanvasGradient.obj
 0001:00005760       ??_EGradient@@EEAAPEAXI@Z  0000000180006760 f i * CIL library *:* CIL module *
 0001:000057b0       ?ThrowError@Nan@@YAXPEBD@Z 00000001800067b0 f i CanvasPattern.obj
 0001:00005850       ?Initialize@Pattern@@SAXV?$Local@VObject@v8@@@v8@@@Z 0000000180006850 f   CanvasPattern.obj
 0001:00005a20       ?New@Pattern@@SAXAEBV?$FunctionCallbackInfo@VValue@v8@@@Nan@@@Z 0000000180006a20 f   CanvasPattern.obj
 0001:00005bf0       ??_GPattern@@EEAAPEAXI@Z   0000000180006bf0 f i CanvasPattern.obj
 0001:00005bf0       ??_EPattern@@EEAAPEAXI@Z   0000000180006bf0 f i * CIL library *:* CIL module *
 0001:00005c40       ?Initialize@Context2d@@SAXV?$Local@VObject@v8@@@v8@@@Z 0000000180006c40 f   CanvasRenderingContext2d.obj
 0001:00006730       ??0Context2d@@QEAA@PEAVCanvas@@@Z 0000000180007730 f   CanvasRenderingContext2d.obj
 0001:00006870       ??_GContext2d@@EEAAPEAXI@Z 0000000180007870 f i CanvasRenderingContext2d.obj
 0001:00006870       ??_EContext2d@@EEAAPEAXI@Z 0000000180007870 f i * CIL library *:* CIL module *
 0001:000068f0       ?saveState@Context2d@@QEAAXXZ 00000001800078f0 f   CanvasRenderingContext2d.obj
 0001:000069c0       ?savePath@Context2d@@QEAAXXZ 00000001800079c0 f   CanvasRenderingContext2d.obj
 0001:000069f0       ?restorePath@Context2d@@QEAAXXZ 00000001800079f0 f   CanvasRenderingContext2d.obj
 0001:00006a30       ?setFillRule@Context2d@@QEAAXV?$Local@VValue@v8@@@v8@@@Z 0000000180007a30 f i CanvasRenderingContext2d.obj
 0001:00006ae0       ?fill@Context2d@@QEAAX_N@Z 0000000180007ae0 f   CanvasRenderingContext2d.obj
 0001:00006c70       ?stroke@Context2d@@QEAAX_N@Z 0000000180007c70 f   CanvasRenderingContext2d.obj
 0001:00006e00       ?shadow@Context2d@@QEAAXP6AXPEAU_cairo@@@Z@Z 0000000180007e00 f   CanvasRenderingContext2d.obj
 0001:000071c0       ?blur@Context2d@@QEAAXPEAU_cairo_surface@@H@Z 00000001800081c0 f   CanvasRenderingContext2d.obj
 0001:00007810       ?New@Context2d@@SAXAEBV?$FunctionCallbackInfo@VValue@v8@@@Nan@@@Z 0000000180008810 f   CanvasRenderingContext2d.obj
 0001:00007960       ?AddPage@Context2d@@SAXAEBV?$FunctionCallbackInfo@VValue@v8@@@Nan@@@Z 0000000180008960 f   CanvasRenderingContext2d.obj
 0001:00007a00       ?PutImageData@Context2d@@SAXAEBV?$FunctionCallbackInfo@VValue@v8@@@Nan@@@Z 0000000180008a00 f   CanvasRenderingContext2d.obj
 0001:00008140       ?GetImageData@Context2d@@SAXAEBV?$FunctionCallbackInfo@VValue@v8@@@Nan@@@Z 0000000180009140 f   CanvasRenderingContext2d.obj
 0001:000088d0       ?DrawImage@Context2d@@SAXAEBV?$FunctionCallbackInfo@VValue@v8@@@Nan@@@Z 00000001800098d0 f   CanvasRenderingContext2d.obj
 0001:00009120       ?GetGlobalAlpha@Context2d@@SAXV?$Local@VString@v8@@@v8@@AEBV?$PropertyCallbackInfo@VValue@v8@@@Nan@@@Z 000000018000a120 f   CanvasRenderingContext2d.obj
 0001:00009200       ?SetGlobalAlpha@Context2d@@SAXV?$Local@VString@v8@@@v8@@V?$Local@VValue@v8@@@3@AEBV?$PropertyCallbackInfo@X@Nan@@@Z 000000018000a200 f   CanvasRenderingContext2d.obj
 0001:00009260       ?GetGlobalCompositeOperation@Context2d@@SAXV?$Local@VString@v8@@@v8@@AEBV?$PropertyCallbackInfo@VValue@v8@@@Nan@@@Z 000000018000a260 f   CanvasRenderingContext2d.obj
 0001:00009510       ?SetPatternQuality@Context2d@@SAXV?$Local@VString@v8@@@v8@@V?$Local@VValue@v8@@@3@AEBV?$PropertyCallbackInfo@X@Nan@@@Z 000000018000a510 f   CanvasRenderingContext2d.obj
 0001:000096d0       ?GetPatternQuality@Context2d@@SAXV?$Local@VString@v8@@@v8@@AEBV?$PropertyCallbackInfo@VValue@v8@@@Nan@@@Z 000000018000a6d0 f   CanvasRenderingContext2d.obj
 0001:00009800       ?SetGlobalCompositeOperation@Context2d@@SAXV?$Local@VString@v8@@@v8@@V?$Local@VValue@v8@@@3@AEBV?$PropertyCallbackInfo@X@Nan@@@Z 000000018000a800 f   CanvasRenderingContext2d.obj
 0001:00009ca0       ?GetShadowOffsetX@Context2d@@SAXV?$Local@VString@v8@@@v8@@AEBV?$PropertyCallbackInfo@VValue@v8@@@Nan@@@Z 000000018000aca0 f   CanvasRenderingContext2d.obj
 0001:00009d80       ?SetShadowOffsetX@Context2d@@SAXV?$Local@VString@v8@@@v8@@V?$Local@VValue@v8@@@3@AEBV?$PropertyCallbackInfo@X@Nan@@@Z 000000018000ad80 f   CanvasRenderingContext2d.obj
 0001:00009e20       ?GetShadowOffsetY@Context2d@@SAXV?$Local@VString@v8@@@v8@@AEBV?$PropertyCallbackInfo@VValue@v8@@@Nan@@@Z 000000018000ae20 f   CanvasRenderingContext2d.obj
 0001:00009f00       ?SetShadowOffsetY@Context2d@@SAXV?$Local@VString@v8@@@v8@@V?$Local@VValue@v8@@@3@AEBV?$PropertyCallbackInfo@X@Nan@@@Z 000000018000af00 f   CanvasRenderingContext2d.obj
 0001:00009fa0       ?GetShadowBlur@Context2d@@SAXV?$Local@VString@v8@@@v8@@AEBV?$PropertyCallbackInfo@VValue@v8@@@Nan@@@Z 000000018000afa0 f   CanvasRenderingContext2d.obj
 0001:0000a090       ?SetShadowBlur@Context2d@@SAXV?$Local@VString@v8@@@v8@@V?$Local@VValue@v8@@@3@AEBV?$PropertyCallbackInfo@X@Nan@@@Z 000000018000b090 f   CanvasRenderingContext2d.obj
 0001:0000a0e0       ?GetAntiAlias@Context2d@@SAXV?$Local@VString@v8@@@v8@@AEBV?$PropertyCallbackInfo@VValue@v8@@@Nan@@@Z 000000018000b0e0 f   CanvasRenderingContext2d.obj
 0001:0000a200       ?SetAntiAlias@Context2d@@SAXV?$Local@VString@v8@@@v8@@V?$Local@VValue@v8@@@3@AEBV?$PropertyCallbackInfo@X@Nan@@@Z 000000018000b200 f   CanvasRenderingContext2d.obj
 0001:0000a380       ?GetTextDrawingMode@Context2d@@SAXV?$Local@VString@v8@@@v8@@AEBV?$PropertyCallbackInfo@VValue@v8@@@Nan@@@Z 000000018000b380 f   CanvasRenderingContext2d.obj
 0001:0000a490       ?SetTextDrawingMode@Context2d@@SAXV?$Local@VString@v8@@@v8@@V?$Local@VValue@v8@@@3@AEBV?$PropertyCallbackInfo@X@Nan@@@Z 000000018000b490 f   CanvasRenderingContext2d.obj
 0001:0000a5d0       ?GetFilter@Context2d@@SAXV?$Local@VString@v8@@@v8@@AEBV?$PropertyCallbackInfo@VValue@v8@@@Nan@@@Z 000000018000b5d0 f   CanvasRenderingContext2d.obj
 0001:0000a700       ?SetFilter@Context2d@@SAXV?$Local@VString@v8@@@v8@@V?$Local@VValue@v8@@@3@AEBV?$PropertyCallbackInfo@X@Nan@@@Z 000000018000b700 f   CanvasRenderingContext2d.obj
 0001:0000a880       ?GetMiterLimit@Context2d@@SAXV?$Local@VString@v8@@@v8@@AEBV?$PropertyCallbackInfo@VValue@v8@@@Nan@@@Z 000000018000b880 f   CanvasRenderingContext2d.obj
 0001:0000a960       ?SetMiterLimit@Context2d@@SAXV?$Local@VString@v8@@@v8@@V?$Local@VValue@v8@@@3@AEBV?$PropertyCallbackInfo@X@Nan@@@Z 000000018000b960 f   CanvasRenderingContext2d.obj
 0001:0000a9b0       ?GetLineWidth@Context2d@@SAXV?$Local@VString@v8@@@v8@@AEBV?$PropertyCallbackInfo@VValue@v8@@@Nan@@@Z 000000018000b9b0 f   CanvasRenderingContext2d.obj
 0001:0000aa90       ?SetLineWidth@Context2d@@SAXV?$Local@VString@v8@@@v8@@V?$Local@VValue@v8@@@3@AEBV?$PropertyCallbackInfo@X@Nan@@@Z 000000018000ba90 f   CanvasRenderingContext2d.obj
 0001:0000aaf0       ?GetLineJoin@Context2d@@SAXV?$Local@VString@v8@@@v8@@AEBV?$PropertyCallbackInfo@VValue@v8@@@Nan@@@Z 000000018000baf0 f   CanvasRenderingContext2d.obj
 0001:0000ac00       ?SetLineJoin@Context2d@@SAXV?$Local@VString@v8@@@v8@@V?$Local@VValue@v8@@@3@AEBV?$PropertyCallbackInfo@X@Nan@@@Z 000000018000bc00 f   CanvasRenderingContext2d.obj
 0001:0000ad30       ?GetLineCap@Context2d@@SAXV?$Local@VString@v8@@@v8@@AEBV?$PropertyCallbackInfo@VValue@v8@@@Nan@@@Z 000000018000bd30 f   CanvasRenderingContext2d.obj
 0001:0000ae40       ?SetLineCap@Context2d@@SAXV?$Local@VString@v8@@@v8@@V?$Local@VValue@v8@@@3@AEBV?$PropertyCallbackInfo@X@Nan@@@Z 000000018000be40 f   CanvasRenderingContext2d.obj
 0001:0000af70       ?IsPointInPath@Context2d@@SAXAEBV?$FunctionCallbackInfo@VValue@v8@@@Nan@@@Z 000000018000bf70 f   CanvasRenderingContext2d.obj
 0001:0000b130       ?SetFillPattern@Context2d@@SAXAEBV?$FunctionCallbackInfo@VValue@v8@@@Nan@@@Z 000000018000c130 f   CanvasRenderingContext2d.obj
 0001:0000b280       ?SetStrokePattern@Context2d@@SAXAEBV?$FunctionCallbackInfo@VValue@v8@@@Nan@@@Z 000000018000c280 f   CanvasRenderingContext2d.obj
 0001:0000b3d0       ?SetShadowColor@Context2d@@SAXV?$Local@VString@v8@@@v8@@V?$Local@VValue@v8@@@3@AEBV?$PropertyCallbackInfo@X@Nan@@@Z 000000018000c3d0 f   CanvasRenderingContext2d.obj
 0001:0000b4f0       ?GetShadowColor@Context2d@@SAXV?$Local@VString@v8@@@v8@@AEBV?$PropertyCallbackInfo@VValue@v8@@@Nan@@@Z 000000018000c4f0 f   CanvasRenderingContext2d.obj
 0001:0000b6d0       ?SetFillColor@Context2d@@SAXAEBV?$FunctionCallbackInfo@VValue@v8@@@Nan@@@Z 000000018000c6d0 f   CanvasRenderingContext2d.obj
 0001:0000b820       ?GetFillColor@Context2d@@SAXV?$Local@VString@v8@@@v8@@AEBV?$PropertyCallbackInfo@VValue@v8@@@Nan@@@Z 000000018000c820 f   CanvasRenderingContext2d.obj
 0001:0000ba00       ?SetStrokeColor@Context2d@@SAXAEBV?$FunctionCallbackInfo@VValue@v8@@@Nan@@@Z 000000018000ca00 f   CanvasRenderingContext2d.obj
 0001:0000bb50       ?GetStrokeColor@Context2d@@SAXV?$Local@VString@v8@@@v8@@AEBV?$PropertyCallbackInfo@VValue@v8@@@Nan@@@Z 000000018000cb50 f   CanvasRenderingContext2d.obj
 0001:0000bd30       ?BezierCurveTo@Context2d@@SAXAEBV?$FunctionCallbackInfo@VValue@v8@@@Nan@@@Z 000000018000cd30 f   CanvasRenderingContext2d.obj
 0001:0000c010       ?QuadraticCurveTo@Context2d@@SAXAEBV?$FunctionCallbackInfo@VValue@v8@@@Nan@@@Z 000000018000d010 f   CanvasRenderingContext2d.obj
 0001:0000c290       ?Save@Context2d@@SAXAEBV?$FunctionCallbackInfo@VValue@v8@@@Nan@@@Z 000000018000d290 f   CanvasRenderingContext2d.obj
 0001:0000c320       ?Restore@Context2d@@SAXAEBV?$FunctionCallbackInfo@VValue@v8@@@Nan@@@Z 000000018000d320 f   CanvasRenderingContext2d.obj
 0001:0000c3f0       ?BeginPath@Context2d@@SAXAEBV?$FunctionCallbackInfo@VValue@v8@@@Nan@@@Z 000000018000d3f0 f   CanvasRenderingContext2d.obj
 0001:0000c490       ?ClosePath@Context2d@@SAXAEBV?$FunctionCallbackInfo@VValue@v8@@@Nan@@@Z 000000018000d490 f   CanvasRenderingContext2d.obj
 0001:0000c530       ?Rotate@Context2d@@SAXAEBV?$FunctionCallbackInfo@VValue@v8@@@Nan@@@Z 000000018000d530 f   CanvasRenderingContext2d.obj
 0001:0000c620       ?Transform@Context2d@@SAXAEBV?$FunctionCallbackInfo@VValue@v8@@@Nan@@@Z 000000018000d620 f   CanvasRenderingContext2d.obj
 0001:0000c960       ?ResetTransform@Context2d@@SAXAEBV?$FunctionCallbackInfo@VValue@v8@@@Nan@@@Z 000000018000d960 f   CanvasRenderingContext2d.obj
 0001:0000ca00       ?Translate@Context2d@@SAXAEBV?$FunctionCallbackInfo@VValue@v8@@@Nan@@@Z 000000018000da00 f   CanvasRenderingContext2d.obj
 0001:0000cb60       ?Scale@Context2d@@SAXAEBV?$FunctionCallbackInfo@VValue@v8@@@Nan@@@Z 000000018000db60 f   CanvasRenderingContext2d.obj
 0001:0000ccc0       ?Clip@Context2d@@SAXAEBV?$FunctionCallbackInfo@VValue@v8@@@Nan@@@Z 000000018000dcc0 f   CanvasRenderingContext2d.obj
 0001:0000cd80       ?Fill@Context2d@@SAXAEBV?$FunctionCallbackInfo@VValue@v8@@@Nan@@@Z 000000018000dd80 f   CanvasRenderingContext2d.obj
 0001:0000ce30       ?Stroke@Context2d@@SAXAEBV?$FunctionCallbackInfo@VValue@v8@@@Nan@@@Z 000000018000de30 f   CanvasRenderingContext2d.obj
 0001:0000cec0       ?FillText@Context2d@@SAXAEBV?$FunctionCallbackInfo@VValue@v8@@@Nan@@@Z 000000018000dec0 f   CanvasRenderingContext2d.obj
 0001:0000d0d0       ?StrokeText@Context2d@@SAXAEBV?$FunctionCallbackInfo@VValue@v8@@@Nan@@@Z 000000018000e0d0 f   CanvasRenderingContext2d.obj
 0001:0000d2e0       ?setTextPath@Context2d@@QEAAXPEBDNN@Z 000000018000e2e0 f   CanvasRenderingContext2d.obj
 0001:0000d460       ?LineTo@Context2d@@SAXAEBV?$FunctionCallbackInfo@VValue@v8@@@Nan@@@Z 000000018000e460 f   CanvasRenderingContext2d.obj
 0001:0000d560       ?MoveTo@Context2d@@SAXAEBV?$FunctionCallbackInfo@VValue@v8@@@Nan@@@Z 000000018000e560 f   CanvasRenderingContext2d.obj
 0001:0000d660       ?SetFont@Context2d@@SAXAEBV?$FunctionCallbackInfo@VValue@v8@@@Nan@@@Z 000000018000e660 f   CanvasRenderingContext2d.obj
 0001:0000d9a0       ?MeasureText@Context2d@@SAXAEBV?$FunctionCallbackInfo@VValue@v8@@@Nan@@@Z 000000018000e9a0 f   CanvasRenderingContext2d.obj
 0001:0000def0       ?SetTextBaseline@Context2d@@SAXAEBV?$FunctionCallbackInfo@VValue@v8@@@Nan@@@Z 000000018000eef0 f   CanvasRenderingContext2d.obj
 0001:0000df70       ?SetTextAlignment@Context2d@@SAXAEBV?$FunctionCallbackInfo@VValue@v8@@@Nan@@@Z 000000018000ef70 f   CanvasRenderingContext2d.obj
 0001:0000dff0       ?SetLineDash@Context2d@@SAXAEBV?$FunctionCallbackInfo@VValue@v8@@@Nan@@@Z 000000018000eff0 f   CanvasRenderingContext2d.obj
 0001:0000e2b0       ?GetLineDash@Context2d@@SAXAEBV?$FunctionCallbackInfo@VValue@v8@@@Nan@@@Z 000000018000f2b0 f   CanvasRenderingContext2d.obj
 0001:0000e520       ?SetLineDashOffset@Context2d@@SAXV?$Local@VString@v8@@@v8@@V?$Local@VValue@v8@@@3@AEBV?$PropertyCallbackInfo@X@Nan@@@Z 000000018000f520 f   CanvasRenderingContext2d.obj
 0001:0000e690       ?GetLineDashOffset@Context2d@@SAXV?$Local@VString@v8@@@v8@@AEBV?$PropertyCallbackInfo@VValue@v8@@@Nan@@@Z 000000018000f690 f   CanvasRenderingContext2d.obj
 0001:0000e780       ?FillRect@Context2d@@SAXAEBV?$FunctionCallbackInfo@VValue@v8@@@Nan@@@Z 000000018000f780 f   CanvasRenderingContext2d.obj
 0001:0000e980       ?StrokeRect@Context2d@@SAXAEBV?$FunctionCallbackInfo@VValue@v8@@@Nan@@@Z 000000018000f980 f   CanvasRenderingContext2d.obj
 0001:0000eb80       ?ClearRect@Context2d@@SAXAEBV?$FunctionCallbackInfo@VValue@v8@@@Nan@@@Z 000000018000fb80 f   CanvasRenderingContext2d.obj
 0001:0000eda0       ?Rect@Context2d@@SAXAEBV?$FunctionCallbackInfo@VValue@v8@@@Nan@@@Z 000000018000fda0 f   CanvasRenderingContext2d.obj
 0001:0000efc0       ?Arc@Context2d@@SAXAEBV?$FunctionCallbackInfo@VValue@v8@@@Nan@@@Z 000000018000ffc0 f   CanvasRenderingContext2d.obj
 0001:0000f370       ?ArcTo@Context2d@@SAXAEBV?$FunctionCallbackInfo@VValue@v8@@@Nan@@@Z 0000000180010370 f   CanvasRenderingContext2d.obj
 0001:0000fa20       ??1?$vector@NV?$allocator@N@std@@@std@@QEAA@XZ 0000000180010a20 f i CanvasRenderingContext2d.obj
 0001:0000fa30       ??0?$TypedArrayContents@E@Nan@@QEAA@V?$Local@VValue@v8@@@v8@@@Z 0000000180010a30 f i CanvasRenderingContext2d.obj
 0001:0000fac0       ?_Tidy@?$vector@NV?$allocator@N@std@@@std@@IEAAXXZ 0000000180010ac0 f i CanvasRenderingContext2d.obj
 0001:0000fb60       ??$_Allocate@N@std@@YAPEAN_KPEAN_N@Z 0000000180010b60 f i CanvasRenderingContext2d.obj
 0001:0000fbe0       __local_stdio_printf_options 0000000180010be0 f i color.obj
 0001:0000fbf0       snprintf                   0000000180010bf0 f i color.obj
 0001:000109f0       ?rgba_from_string@@YAHPEBDPEAF@Z 00000001800119f0 f   color.obj
 0001:00010cc0       ?GetFunction@Callback@Nan@@QEBA?AV?$Local@VFunction@v8@@@v8@@XZ 0000000180011cc0 f i Image.obj
 0001:00010d50       ?Initialize@Image@@SAXV?$Local@VObject@v8@@@v8@@@Z 0000000180011d50 f   Image.obj
 0001:00011210       ?New@Image@@SAXAEBV?$FunctionCallbackInfo@VValue@v8@@@Nan@@@Z 0000000180012210 f   Image.obj
 0001:000112c0       ?GetComplete@Image@@SAXV?$Local@VString@v8@@@v8@@AEBV?$PropertyCallbackInfo@VValue@v8@@@Nan@@@Z 00000001800122c0 f   Image.obj
 0001:00011390       ?GetDataMode@Image@@SAXV?$Local@VString@v8@@@v8@@AEBV?$PropertyCallbackInfo@VValue@v8@@@Nan@@@Z 0000000180012390 f   Image.obj
 0001:00011470       ?SetDataMode@Image@@SAXV?$Local@VString@v8@@@v8@@V?$Local@VValue@v8@@@3@AEBV?$PropertyCallbackInfo@X@Nan@@@Z 0000000180012470 f   Image.obj
 0001:000114b0       ?GetWidth@Image@@SAXV?$Local@VString@v8@@@v8@@AEBV?$PropertyCallbackInfo@VValue@v8@@@Nan@@@Z 00000001800124b0 f   Image.obj
 0001:00011590       ?GetHeight@Image@@SAXV?$Local@VString@v8@@@v8@@AEBV?$PropertyCallbackInfo@VValue@v8@@@Nan@@@Z 0000000180012590 f   Image.obj
 0001:00011670       ?GetSource@Image@@SAXV?$Local@VString@v8@@@v8@@AEBV?$PropertyCallbackInfo@VValue@v8@@@Nan@@@Z 0000000180012670 f   Image.obj
 0001:00011760       ?clearData@Image@@QEAAXXZ  0000000180012760 f   Image.obj
 0001:00011810       ?SetSource@Image@@SAXV?$Local@VString@v8@@@v8@@V?$Local@VValue@v8@@@3@AEBV?$PropertyCallbackInfo@X@Nan@@@Z 0000000180012810 f   Image.obj
 0001:00011a50       ?loadFromBuffer@Image@@QEAA?AW4_cairo_status@@PEAEI@Z 0000000180012a50 f   Image.obj
 0001:00011ae0       ?readPNG@Image@@SA?AW4_cairo_status@@PEAXPEAEI@Z 0000000180012ae0 f   Image.obj
 0001:00011b20       ?GetOnload@Image@@SAXV?$Local@VString@v8@@@v8@@AEBV?$PropertyCallbackInfo@VValue@v8@@@Nan@@@Z 0000000180012b20 f   Image.obj
 0001:00011c00       ?SetOnload@Image@@SAXV?$Local@VString@v8@@@v8@@V?$Local@VValue@v8@@@3@AEBV?$PropertyCallbackInfo@X@Nan@@@Z 0000000180012c00 f   Image.obj
 0001:00011dc0       ?GetOnerror@Image@@SAXV?$Local@VString@v8@@@v8@@AEBV?$PropertyCallbackInfo@VValue@v8@@@Nan@@@Z 0000000180012dc0 f   Image.obj
 0001:00011ea0       ?SetOnerror@Image@@SAXV?$Local@VString@v8@@@v8@@V?$Local@VValue@v8@@@3@AEBV?$PropertyCallbackInfo@X@Nan@@@Z 0000000180012ea0 f   Image.obj
 0001:00012060       ??_EImage@@EEAAPEAXI@Z     0000000180013060 f i * CIL library *:* CIL module *
 0001:00012060       ??_GImage@@EEAAPEAXI@Z     0000000180013060 f i Image.obj
 0001:000120a0       ??1Image@@EEAA@XZ          00000001800130a0 f   Image.obj
 0001:000121a0       ?loaded@Image@@QEAAXXZ     00000001800131a0 f   Image.obj
 0001:000122b0       ?error@Image@@QEAAXV?$Local@VValue@v8@@@v8@@@Z 00000001800132b0 f   Image.obj
 0001:00012360       ?loadSurface@Image@@QEAA?AW4_cairo_status@@XZ 0000000180013360 f   Image.obj
 0001:00012420       ??_GImageData@@UEAAPEAXI@Z 0000000180013420 f i ImageData.obj
 0001:00012420       ??_EImageData@@UEAAPEAXI@Z 0000000180013420 f i * CIL library *:* CIL module *
 0001:00012460       ?Initialize@ImageData@@SAXV?$Local@VObject@v8@@@v8@@@Z 0000000180013460 f   ImageData.obj
 0001:00012690       ?New@ImageData@@SAXAEBV?$FunctionCallbackInfo@VValue@v8@@@Nan@@@Z 0000000180013690 f   ImageData.obj
 0001:00012a10       ?init@@YAXV?$Local@VObject@v8@@@v8@@@Z 0000000180013a10 f   init.obj
 0001:00012b3c       __imp_load_uv_queue_work   0000000180013b3c f   node:node.exe
 0001:00012b48       __tailMerge_node_exe       0000000180013b48 f i node:node.exe
 0001:00012bc1       __imp_load_?Global@Context@v8@@QEAA?AV?$Local@VObject@v8@@@2@XZ 0000000180013bc1 f   node:node.exe
 0001:00012bcd       __imp_load_?Value@External@v8@@QEBAPEAXXZ 0000000180013bcd f   node:node.exe
 0001:00012bd9       __imp_load_?New@External@v8@@SA?AV?$Local@VExternal@v8@@@2@PEAVIsolate@2@PEAX@Z 0000000180013bd9 f   node:node.exe
 0001:00012be5       __imp_load_?NewFromUnsigned@Integer@v8@@SA?AV?$Local@VInteger@v8@@@2@PEAVIsolate@2@I@Z 0000000180013be5 f   node:node.exe
 0001:00012bf1       __imp_load_?New@Signature@v8@@SA?AV?$Local@VSignature@v8@@@2@PEAVIsolate@2@V?$Local@VFunctionTemplate@v8@@@2@@Z 0000000180013bf1 f   node:node.exe
 0001:00012bfd       __imp_load_?ReportExternalAllocationLimitReached@Isolate@v8@@AEAAXXZ 0000000180013bfd f   node:node.exe
 0001:00012c09       __imp_load_?VisitHandlesForPartialDependence@Isolate@v8@@QEAAXPEAVPersistentHandleVisitor@2@@Z 0000000180013c09 f   node:node.exe
 0001:00012c15       __imp_load_?VisitHandlesWithClassIds@Isolate@v8@@QEAAXPEAVPersistentHandleVisitor@2@@Z 0000000180013c15 f   node:node.exe
 0001:00012c21       __imp_load_?VisitExternalResources@Isolate@v8@@QEAAXPEAVExternalResourceVisitor@2@@Z 0000000180013c21 f   node:node.exe
 0001:00012c2d       __imp_load_?RemoveMemoryAllocationCallback@Isolate@v8@@QEAAXP6AXW4ObjectSpace@2@W4AllocationAction@2@H@Z@Z 0000000180013c2d f   node:node.exe
 0001:00012c39       __imp_load_?AddMemoryAllocationCallback@Isolate@v8@@QEAAXP6AXW4ObjectSpace@2@W4AllocationAction@2@H@Z01@Z 0000000180013c39 f   node:node.exe
 0001:00012c45       __imp_load_?SetCaptureStackTraceForUncaughtExceptions@Isolate@v8@@QEAAX_NHW4StackTraceOptions@StackTrace@2@@Z 0000000180013c45 f   node:node.exe
 0001:00012c51       __imp_load_?SetFailedAccessCheckCallbackFunction@Isolate@v8@@QEAAXP6AXV?$Local@VObject@v8@@@2@W4AccessType@2@V?$Local@VValue@v8@@@2@@Z@Z 0000000180013c51 f   node:node.exe
 0001:00012c5d       __imp_load_?RemoveMessageListeners@Isolate@v8@@QEAAXP6AXV?$Local@VMessage@v8@@@2@V?$Local@VValue@v8@@@2@@Z@Z 0000000180013c5d f   node:node.exe
 0001:00012c69       __imp_load_?AddMessageListener@Isolate@v8@@QEAA_NP6AXV?$Local@VMessage@v8@@@2@V?$Local@VValue@v8@@@2@@Z1@Z 0000000180013c69 f   node:node.exe
 0001:00012c75       __imp_load_?IsDead@Isolate@v8@@QEAA_NXZ 0000000180013c75 f   node:node.exe
 0001:00012c81       __imp_load_?SetAllowCodeGenerationFromStringsCallback@Isolate@v8@@QEAAXP6A_NV?$Local@VContext@v8@@@2@@Z@Z 0000000180013c81 f   node:node.exe
 0001:00012c8d       __imp_load_?SetFatalErrorHandler@Isolate@v8@@QEAAXP6AXPEBD0@Z@Z 0000000180013c8d f   node:node.exe
 0001:00012c99       __imp_load_?CancelTerminateExecution@Isolate@v8@@QEAAXXZ 0000000180013c99 f   node:node.exe
 0001:00012ca5       __imp_load_?IsExecutionTerminating@Isolate@v8@@QEAA_NXZ 0000000180013ca5 f   node:node.exe
 0001:00012cb1       __imp_load_?TerminateExecution@Isolate@v8@@QEAAXXZ 0000000180013cb1 f   node:node.exe
 0001:00012cbd       __imp_load_?RemoveGCEpilogueCallback@Isolate@v8@@QEAAXP6AXPEAV12@W4GCType@2@W4GCCallbackFlags@2@@Z@Z 0000000180013cbd f   node:node.exe
 0001:00012cc9       __imp_load_?RemoveGCPrologueCallback@Isolate@v8@@QEAAXP6AXPEAV12@W4GCType@2@W4GCCallbackFlags@2@@Z@Z 0000000180013cc9 f   node:node.exe
 0001:00012cd5       __imp_load_?ThrowException@Isolate@v8@@QEAA?AV?$Local@VValue@v8@@@2@V32@@Z 0000000180013cd5 f   node:node.exe
 0001:00012ce1       __imp_load_?GetCurrentContext@Isolate@v8@@QEAA?AV?$Local@VContext@v8@@@2@XZ 0000000180013ce1 f   node:node.exe
 0001:00012ced       __imp_load_?Exit@Isolate@v8@@QEAAXXZ 0000000180013ced f   node:node.exe
 0001:00012cf9       __imp_load_?Enter@Isolate@v8@@QEAAXXZ 0000000180013cf9 f   node:node.exe
 0001:00012d05       __imp_load_?GetCurrent@Isolate@v8@@SAPEAV12@XZ 0000000180013d05 f   node:node.exe
 0001:00012d11       __imp_load_?ResetToBookmark@ExternalSourceStream@ScriptCompiler@v8@@UEAAXXZ 0000000180013d11 f   node:node.exe
 0001:00012d1d       ?ResetToBookmark@ExternalSourceStream@ScriptCompiler@v8@@UEAAXXZ 0000000180013d1d f   node:node.exe
 0001:00012d23       __imp_load_?SetBookmark@ExternalSourceStream@ScriptCompiler@v8@@UEAA_NXZ 0000000180013d23 f   node:node.exe
 0001:00012d2f       ?SetBookmark@ExternalSourceStream@ScriptCompiler@v8@@UEAA_NXZ 0000000180013d2f f   node:node.exe
 0001:00012d35       __imp_load_?CreateHandle@HandleScope@v8@@KAPEAPEAVObject@internal@2@PEAVIsolate@42@PEAV342@@Z 0000000180013d35 f   node:node.exe
 0001:00012d41       __imp_load_?CreateHandle@HandleScope@v8@@CAPEAPEAVObject@internal@2@PEAVHeapObject@42@PEAV342@@Z 0000000180013d41 f   node:node.exe
 0001:00012d4d       __imp_load_??1HandleScope@v8@@QEAA@XZ 0000000180013d4d f   node:node.exe
 0001:00012d59       __imp_load_??0HandleScope@v8@@QEAA@PEAVIsolate@1@@Z 0000000180013d59 f   node:node.exe
 0001:00012d65       __imp_load_?Set@Template@v8@@QEAAXV?$Local@VName@v8@@@2@V?$Local@VData@v8@@@2@W4PropertyAttribute@2@@Z 0000000180013d65 f   node:node.exe
 0001:00012d71       __imp_load_?Error@Exception@v8@@SA?AV?$Local@VValue@v8@@@2@V?$Local@VString@v8@@@2@@Z 0000000180013d71 f   node:node.exe
 0001:00012d7d       __imp_load_?TypeError@Exception@v8@@SA?AV?$Local@VValue@v8@@@2@V?$Local@VString@v8@@@2@@Z 0000000180013d7d f   node:node.exe
 0001:00012d89       __imp_load_?RangeError@Exception@v8@@SA?AV?$Local@VValue@v8@@@2@V?$Local@VString@v8@@@2@@Z 0000000180013d89 f   node:node.exe
 0001:00012d95       __imp_load_?Initialize@Locker@v8@@AEAAXPEAVIsolate@2@@Z 0000000180013d95 f   node:node.exe
 0001:00012da1       __imp_load_?Initialize@Unlocker@v8@@AEAAXPEAVIsolate@2@@Z 0000000180013da1 f   node:node.exe
 0001:00012dad       __imp_load_?SetClassName@FunctionTemplate@v8@@QEAAXV?$Local@VString@v8@@@2@@Z 0000000180013dad f   node:node.exe
 0001:00012db9       __imp_load_?PrototypeTemplate@FunctionTemplate@v8@@QEAA?AV?$Local@VObjectTemplate@v8@@@2@XZ 0000000180013db9 f   node:node.exe
 0001:00012dc5       __imp_load_?InstanceTemplate@FunctionTemplate@v8@@QEAA?AV?$Local@VObjectTemplate@v8@@@2@XZ 0000000180013dc5 f   node:node.exe
 0001:00012dd1       __imp_load_?GetFunction@FunctionTemplate@v8@@QEAA?AV?$Local@VFunction@v8@@@2@XZ 0000000180013dd1 f   node:node.exe
 0001:00012ddd       __imp_load_?New@FunctionTemplate@v8@@SA?AV?$Local@VFunctionTemplate@v8@@@2@PEAVIsolate@2@P6AXAEBV?$FunctionCallbackInfo@VValue@v8@@@2@@ZV?$Local@VValue@v8@@@2@V?$Local@VSignature@v8@@@2@H@Z 0000000180013ddd f   node:node.exe
 0001:00012de9       __imp_load_?ToLocalEmpty@V8@v8@@CAXXZ 0000000180013de9 f   node:node.exe
 0001:00012df5       __imp_load_?ClearWeak@V8@v8@@CAPEAXPEAPEAVObject@internal@2@@Z 0000000180013df5 f   node:node.exe
 0001:00012e01       __imp_load_?MakeWeak@V8@v8@@CAXPEAPEAVObject@internal@2@PEAXP6AXAEBV?$WeakCallbackInfo@X@2@@ZW4WeakCallbackType@2@@Z 0000000180013e01 f   node:node.exe
 0001:00012e0d       __imp_load_?DisposeGlobal@V8@v8@@CAXPEAPEAVObject@internal@2@@Z 0000000180013e0d f   node:node.exe
 0001:00012e19       __imp_load_?GlobalizeReference@V8@v8@@CAPEAPEAVObject@internal@2@PEAVIsolate@42@PEAPEAV342@@Z 0000000180013e19 f   node:node.exe
 0001:00012e25       __imp_load_?StrictEquals@Value@v8@@QEBA_NV?$Local@VValue@v8@@@2@@Z 0000000180013e25 f   node:node.exe
 0001:00012e31       __imp_load_?Uint32Value@Value@v8@@QEBAIXZ 0000000180013e31 f   node:node.exe
 0001:00012e3d       __imp_load_?ToInt32@Value@v8@@QEBA?AV?$MaybeLocal@VInt32@v8@@@2@V?$Local@VContext@v8@@@2@@Z 0000000180013e3d f   node:node.exe
 0001:00012e49       __imp_load_?ToUint32@Value@v8@@QEBA?AV?$MaybeLocal@VUint32@v8@@@2@V?$Local@VContext@v8@@@2@@Z 0000000180013e49 f   node:node.exe
 0001:00012e55       __imp_load_?ToInteger@Value@v8@@QEBA?AV?$MaybeLocal@VInteger@v8@@@2@V?$Local@VContext@v8@@@2@@Z 0000000180013e55 f   node:node.exe
 0001:00012e61       __imp_load_?ToObject@Value@v8@@QEBA?AV?$MaybeLocal@VObject@v8@@@2@V?$Local@VContext@v8@@@2@@Z 0000000180013e61 f   node:node.exe
 0001:00012e6d       __imp_load_?ToDetailString@Value@v8@@QEBA?AV?$MaybeLocal@VString@v8@@@2@V?$Local@VContext@v8@@@2@@Z 0000000180013e6d f   node:node.exe
 0001:00012e79       __imp_load_?ToString@Value@v8@@QEBA?AV?$MaybeLocal@VString@v8@@@2@V?$Local@VContext@v8@@@2@@Z 0000000180013e79 f   node:node.exe
 0001:00012e85       __imp_load_?ToNumber@Value@v8@@QEBA?AV?$MaybeLocal@VNumber@v8@@@2@V?$Local@VContext@v8@@@2@@Z 0000000180013e85 f   node:node.exe
 0001:00012e91       __imp_load_?ToBoolean@Value@v8@@QEBA?AV?$MaybeLocal@VBoolean@v8@@@2@V?$Local@VContext@v8@@@2@@Z 0000000180013e91 f   node:node.exe
 0001:00012e9d       __imp_load_?IsUint32@Value@v8@@QEBA_NXZ 0000000180013e9d f   node:node.exe
 0001:00012ea9       __imp_load_?IsNumber@Value@v8@@QEBA_NXZ 0000000180013ea9 f   node:node.exe
 0001:00012eb5       __imp_load_?IsFunction@Value@v8@@QEBA_NXZ 0000000180013eb5 f   node:node.exe
 0001:00012ec1       __imp_load_?ReThrow@TryCatch@v8@@QEAA?AV?$Local@VValue@v8@@@2@XZ 0000000180013ec1 f   node:node.exe
 0001:00012ecd       __imp_load_?HasCaught@TryCatch@v8@@QEBA_NXZ 0000000180013ecd f   node:node.exe
 0001:00012ed9       __imp_load_??1TryCatch@v8@@QEAA@XZ 0000000180013ed9 f   node:node.exe
 0001:00012ee5       __imp_load_??0TryCatch@v8@@QEAA@XZ 0000000180013ee5 f   node:node.exe
 0001:00012ef1       __imp_load_??0TryCatch@v8@@QEAA@PEAVIsolate@1@@Z 0000000180013ef1 f   node:node.exe
 0001:00012efd       __imp_load_?Escape@EscapableHandleScope@v8@@AEAAPEAPEAVObject@internal@2@PEAPEAV342@@Z 0000000180013efd f   node:node.exe
 0001:00012f09       __imp_load_??0EscapableHandleScope@v8@@QEAA@PEAVIsolate@1@@Z 0000000180013f09 f   node:node.exe
 0001:00012f15       __imp_load_??1Utf8Value@String@v8@@QEAA@XZ 0000000180013f15 f   node:node.exe
 0001:00012f21       __imp_load_??0Utf8Value@String@v8@@QEAA@V?$Local@VValue@v8@@@2@@Z 0000000180013f21 f   node:node.exe
 0001:00012f2d       __imp_load_?NewFromUtf8@String@v8@@SA?AV?$MaybeLocal@VString@v8@@@2@PEAVIsolate@2@PEBDW4NewStringType@2@H@Z 0000000180013f2d f   node:node.exe
 0001:00012f39       __imp_load_?New@Number@v8@@SA?AV?$Local@VNumber@v8@@@2@PEAVIsolate@2@N@Z 0000000180013f39 f   node:node.exe
 0001:00012f45       __imp_load_?SlowGetAlignedPointerFromInternalField@Object@v8@@AEAAPEAXH@Z 0000000180013f45 f   node:node.exe
 0001:00012f51       __imp_load_?SlowGetInternalField@Object@v8@@AEAA?AV?$Local@VValue@v8@@@2@H@Z 0000000180013f51 f   node:node.exe
 0001:00012f5d       __imp_load_?New@Object@v8@@SA?AV?$Local@VObject@v8@@@2@PEAVIsolate@2@@Z 0000000180013f5d f   node:node.exe
 0001:00012f69       __imp_load_?SetAlignedPointerInInternalField@Object@v8@@QEAAXHPEAX@Z 0000000180013f69 f   node:node.exe
 0001:00012f75       __imp_load_?SetInternalField@Object@v8@@QEAAXHV?$Local@VValue@v8@@@2@@Z 0000000180013f75 f   node:node.exe
 0001:00012f81       __imp_load_?InternalFieldCount@Object@v8@@QEAAHXZ 0000000180013f81 f   node:node.exe
 0001:00012f8d       __imp_load_?Get@Object@v8@@QEAA?AV?$Local@VValue@v8@@@2@V32@@Z 0000000180013f8d f   node:node.exe
 0001:00012f99       __imp_load_?Get@Object@v8@@QEAA?AV?$Local@VValue@v8@@@2@I@Z 0000000180013f99 f   node:node.exe
 0001:00012fa5       __imp_load_?Set@Object@v8@@QEAA?AV?$Maybe@_N@2@V?$Local@VContext@v8@@@2@V?$Local@VValue@v8@@@2@1@Z 0000000180013fa5 f   node:node.exe
 0001:00012fb1       __imp_load_?Set@Object@v8@@QEAA?AV?$Maybe@_N@2@V?$Local@VContext@v8@@@2@IV?$Local@VValue@v8@@@2@@Z 0000000180013fb1 f   node:node.exe
 0001:00012fbd       __imp_load_?Call@Function@v8@@QEAA?AV?$MaybeLocal@VValue@v8@@@2@V?$Local@VContext@v8@@@2@V?$Local@VValue@v8@@@2@HQEAV52@@Z 0000000180013fbd f   node:node.exe
 0001:00012fc9       __imp_load_?NewInstance@Function@v8@@QEBA?AV?$MaybeLocal@VObject@v8@@@2@V?$Local@VContext@v8@@@2@HQEAV?$Local@VValue@v8@@@2@@Z 0000000180013fc9 f   node:node.exe
 0001:00012fd5       __imp_load_?SetInternalFieldCount@ObjectTemplate@v8@@QEAAXH@Z 0000000180013fd5 f   node:node.exe
 0001:00012fe1       __imp_load_?SetHandler@ObjectTemplate@v8@@QEAAXAEBUIndexedPropertyHandlerConfiguration@2@@Z 0000000180013fe1 f   node:node.exe
 0001:00012fed       __imp_load_?SetAccessor@ObjectTemplate@v8@@QEAAXV?$Local@VName@v8@@@2@P6AX0AEBV?$PropertyCallbackInfo@VValue@v8@@@2@@ZP6AX0V?$Local@VValue@v8@@@2@AEBV?$PropertyCallbackInfo@X@2@@Z3W4AccessControl@2@W4PropertyAttribute@2@V?$Local@VAccessorSignature@v8@@@2@@Z 0000000180013fed f   node:node.exe
 0001:00012ff9       __imp_load_?NewInstance@ObjectTemplate@v8@@QEAA?AV?$MaybeLocal@VObject@v8@@@2@V?$Local@VContext@v8@@@2@@Z 0000000180013ff9 f   node:node.exe
 0001:00013005       __imp_load_?New@ObjectTemplate@v8@@SA?AV?$Local@VObjectTemplate@v8@@@2@PEAVIsolate@2@V?$Local@VFunctionTemplate@v8@@@2@@Z 0000000180014005 f   node:node.exe
 0001:00013011       __imp_load_?New@Buffer@node@@YA?AV?$MaybeLocal@VObject@v8@@@v8@@PEAVIsolate@4@PEAD_KP6AX1PEAX@Z3@Z 0000000180014011 f   node:node.exe
 0001:0001301d       __imp_load_?Data@Buffer@node@@YAPEADV?$Local@VObject@v8@@@v8@@@Z 000000018001401d f   node:node.exe
 0001:00013029       __imp_load_?Copy@Buffer@node@@YA?AV?$MaybeLocal@VObject@v8@@@v8@@PEAVIsolate@4@PEBD_K@Z 0000000180014029 f   node:node.exe
 0001:00013035       __imp_load_?MakeCallback@node@@YA?AV?$Local@VValue@v8@@@v8@@PEAVIsolate@3@V?$Local@VObject@v8@@@3@V?$Local@VFunction@v8@@@3@HPEAV23@@Z 0000000180014035 f   node:node.exe
 0001:00013041       __imp_load_uv_default_loop 0000000180014041 f   node:node.exe
 0001:0001304d       __imp_load_?NumberValue@Value@v8@@QEBANXZ 000000018001404d f   node:node.exe
 0001:00013059       __imp_load_?HasInstance@FunctionTemplate@v8@@QEAA_NV?$Local@VValue@v8@@@2@@Z 0000000180014059 f   node:node.exe
 0001:00013065       __imp_load_?New@Uint8ClampedArray@v8@@SA?AV?$Local@VUint8ClampedArray@v8@@@2@V?$Local@VArrayBuffer@v8@@@2@_K1@Z 0000000180014065 f   node:node.exe
 0001:00013071       __imp_load_?New@Integer@v8@@SA?AV?$Local@VInteger@v8@@@2@PEAVIsolate@2@H@Z 0000000180014071 f   node:node.exe
 0001:0001307d       __imp_load_?ByteLength@ArrayBufferView@v8@@QEAA_KXZ 000000018001407d f   node:node.exe
 0001:00013089       __imp_load_?ByteOffset@ArrayBufferView@v8@@QEAA_KXZ 0000000180014089 f   node:node.exe
 0001:00013095       __imp_load_?Buffer@ArrayBufferView@v8@@QEAA?AV?$Local@VArrayBuffer@v8@@@2@XZ 0000000180014095 f   node:node.exe
 0001:000130a1       __imp_load_?New@Array@v8@@SA?AV?$Local@VArray@v8@@@2@PEAVIsolate@2@H@Z 00000001800140a1 f   node:node.exe
 0001:000130ad       __imp_load_?Length@Array@v8@@QEBAIXZ 00000001800140ad f   node:node.exe
 0001:000130b9       __imp_load_?GetContents@ArrayBuffer@v8@@QEAA?AVContents@12@XZ 00000001800140b9 f   node:node.exe
 0001:000130c5       __imp_load_?New@ArrayBuffer@v8@@SA?AV?$Local@VArrayBuffer@v8@@@2@PEAVIsolate@2@_K@Z 00000001800140c5 f   node:node.exe
 0001:000130d1       __imp_load_?Int32Value@Value@v8@@QEBAHXZ 00000001800140d1 f   node:node.exe
 0001:000130dd       __imp_load_?BooleanValue@Value@v8@@QEBA_NXZ 00000001800140dd f   node:node.exe
 0001:000130e9       __imp_load_?IsArrayBufferView@Value@v8@@QEBA_NXZ 00000001800140e9 f   node:node.exe
 0001:000130f5       __imp_load_?IsInt32@Value@v8@@QEBA_NXZ 00000001800140f5 f   node:node.exe
 0001:00013101       __imp_load_?IsObject@Value@v8@@QEBA_NXZ 0000000180014101 f   node:node.exe
 0001:0001310d       __imp_load_?IsArray@Value@v8@@QEBA_NXZ 000000018001410d f   node:node.exe
 0001:00013119       __imp_load_?Set@Object@v8@@QEAA_NV?$Local@VValue@v8@@@2@0@Z 0000000180014119 f   node:node.exe
 0001:00013125       __imp_load_?NewInstance@Function@v8@@QEBA?AV?$Local@VObject@v8@@@2@HQEAV?$Local@VValue@v8@@@2@@Z 0000000180014125 f   node:node.exe
 0001:00013131       __imp_load_?HasInstance@Buffer@node@@YA_NV?$Local@VValue@v8@@@v8@@@Z 0000000180014131 f   node:node.exe
 0001:0001313d       __imp_load_?Length@Buffer@node@@YA_KV?$Local@VObject@v8@@@v8@@@Z 000000018001413d f   node:node.exe
 0001:00013149       __imp_load_?Length@TypedArray@v8@@QEAA_KXZ 0000000180014149 f   node:node.exe
 0001:00013155       __imp_load_?IsUint8ClampedArray@Value@v8@@QEBA_NXZ 0000000180014155 f   node:node.exe
 0001:00013161       __imp_load_node_module_register 0000000180014161 f   node:node.exe
 0001:00013170       ??0bad_alloc@std@@QEAA@AEBV01@@Z 0000000180014170 f i libcpmt:xthrow.obj
 0001:000131b0       ??0bad_alloc@std@@QEAA@XZ  00000001800141b0 f i libcpmt:xthrow.obj
 0001:000131d0       ??0exception@std@@QEAA@AEBV01@@Z 00000001800141d0 f i libcpmt:xthrow.obj
 0001:00013208       ??0length_error@std@@QEAA@AEBV01@@Z 0000000180014208 f i libcpmt:xthrow.obj
 0001:00013248       ??0length_error@std@@QEAA@PEBD@Z 0000000180014248 f i libcpmt:xthrow.obj
 0001:00013294       ??0logic_error@std@@QEAA@AEBV01@@Z 0000000180014294 f i libcpmt:xthrow.obj
 0001:000132d4       ??1length_error@std@@UEAA@XZ 00000001800142d4 f i libcpmt:xthrow.obj
 0001:000132d4       ??1bad_array_new_length@std@@UEAA@XZ 00000001800142d4 f i LIBCMT:throw_bad_alloc.obj
 0001:000132d4       ??1bad_alloc@std@@UEAA@XZ  00000001800142d4 f i libcpmt:xthrow.obj
 0001:000132d4       ??1bad_exception@std@@UEAA@XZ 00000001800142d4 f i libvcruntime:frame.obj
 0001:000132e8       ?__scrt_throw_std_bad_alloc@@YAXXZ 00000001800142e8 f   LIBCMT:throw_bad_alloc.obj
 0001:000132e8       ?_Xbad_alloc@std@@YAXXZ    00000001800142e8 f   libcpmt:xthrow.obj
 0001:00013308       ?_Xlength_error@std@@YAXPEBD@Z 0000000180014308 f   libcpmt:xthrow.obj
 0001:0001332c       ?what@exception@std@@UEBAPEBDXZ 000000018001432c f i libcpmt:xthrow.obj
 0001:00013350       __security_check_cookie    0000000180014350 f   LIBCMT:_amdsecgs_.obj
 0001:00013374       ??_V@YAXPEAX_K@Z           0000000180014374 f   LIBCMT:delete_array_size.obj
 0001:0001337c       ??2@YAPEAX_K@Z             000000018001437c f   LIBCMT:new_scalar.obj
 0001:000133b8       ??_M@YAXPEAX_K1P6AX0@Z@Z   00000001800143b8 f   LIBCMT:ehvecdtr.obj
 0001:00013424       ?__ArrayUnwind@@YAXPEAX_K1P6AX0@Z@Z 0000000180014424 f   LIBCMT:ehvecdtr.obj
 0001:00013488       __scrt_acquire_startup_lock 0000000180014488 f   LIBCMT:utility.obj
 0001:000134c4       __scrt_dllmain_after_initialize_c 00000001800144c4 f   LIBCMT:utility.obj
 0001:000134e4       __scrt_dllmain_before_initialize_c 00000001800144e4 f   LIBCMT:utility.obj
 0001:000134fc       __scrt_dllmain_crt_thread_attach 00000001800144fc f   LIBCMT:utility.obj
 0001:00013524       __scrt_dllmain_crt_thread_detach 0000000180014524 f   LIBCMT:utility.obj
 0001:0001353c       __scrt_dllmain_exception_filter 000000018001453c f   LIBCMT:utility.obj
 0001:000135a0       __scrt_dllmain_uninitialize_c 00000001800145a0 f   LIBCMT:utility.obj
 0001:000135d0       __scrt_dllmain_uninitialize_critical 00000001800145d0 f   LIBCMT:utility.obj
 0001:000135e4       __scrt_initialize_crt      00000001800145e4 f   LIBCMT:utility.obj
 0001:00013630       __scrt_initialize_onexit_tables 0000000180014630 f   LIBCMT:utility.obj
 0001:000136fc       __scrt_is_nonwritable_in_current_image 00000001800146fc f   LIBCMT:utility.obj
[...]
      201    ?Cast@Integer@v8@@SAPEAV12@PEAVValue@2@@Z (public: static class v8::Integer * __cdecl v8::Integer::Cast(class v8::Value *))
      202    ?Cast@Map@v8@@SAPEAV12@PEAVValue@2@@Z (public: static class v8::Map * __cdecl v8::Map::Cast(class v8::Value *))
      203    ?Cast@Name@v8@@SAPEAV12@PEAVValue@2@@Z (public: static class v8::Name * __cdecl v8::Name::Cast(class v8::Value *))
      204    ?Cast@Number@v8@@SAPEAV12@PEAVValue@2@@Z (public: static class v8::Number * __cdecl v8::Number::Cast(class v8::Value *))
      205    ?Cast@NumberObject@v8@@SAPEAV12@PEAVValue@2@@Z (public: static class v8::NumberObject * __cdecl v8::NumberObject::Cast(class v8::Value *))
      206    ?Cast@Object@v8@@SAPEAV12@PEAVValue@2@@Z (public: static class v8::Object * __cdecl v8::Object::Cast(class v8::Value *))
      207    ?Cast@Promise@v8@@SAPEAV12@PEAVValue@2@@Z (public: static class v8::Promise * __cdecl v8::Promise::Cast(class v8::Value *))
      208    ?Cast@Proxy@v8@@SAPEAV12@PEAVValue@2@@Z (public: static class v8::Proxy * __cdecl v8::Proxy::Cast(class v8::Value *))
      209    ?Cast@RegExp@v8@@SAPEAV12@PEAVValue@2@@Z (public: static class v8::RegExp * __cdecl v8::RegExp::Cast(class v8::Value *))
      210    ?Cast@Resolver@Promise@v8@@SAPEAV123@PEAVValue@3@@Z (public: static class v8::Promise::Resolver * __cdecl v8::Promise::Resolver::Cast(class v8::Value *))
      211    ?Cast@Set@v8@@SAPEAV12@PEAVValue@2@@Z (public: static class v8::Set * __cdecl v8::Set::Cast(class v8::Value *))
      212    ?Cast@SharedArrayBuffer@v8@@SAPEAV12@PEAVValue@2@@Z (public: static class v8::SharedArrayBuffer * __cdecl v8::SharedArrayBuffer::Cast(class v8::Value *))
      213    ?Cast@String@v8@@SAPEAV12@PEAVValue@2@@Z (public: static class v8::String * __cdecl v8::String::Cast(class v8::Value *))
      214    ?Cast@StringObject@v8@@SAPEAV12@PEAVValue@2@@Z (public: static class v8::StringObject * __cdecl v8::StringObject::Cast(class v8::Value *))
      215    ?Cast@Symbol@v8@@SAPEAV12@PEAVValue@2@@Z (public: static class v8::Symbol * __cdecl v8::Symbol::Cast(class v8::Value *))
      216    ?Cast@SymbolObject@v8@@SAPEAV12@PEAVValue@2@@Z (public: static class v8::SymbolObject * __cdecl v8::SymbolObject::Cast(class v8::Value *))
      217    ?Cast@TypedArray@v8@@SAPEAV12@PEAVValue@2@@Z (public: static class v8::TypedArray * __cdecl v8::TypedArray::Cast(class v8::Value *))
      218    ?Cast@Uint16Array@v8@@SAPEAV12@PEAVValue@2@@Z (public: static class v8::Uint16Array * __cdecl v8::Uint16Array::Cast(class v8::Value *))
      219    ?Cast@Uint32@v8@@SAPEAV12@PEAVValue@2@@Z (public: static class v8::Uint32 * __cdecl v8::Uint32::Cast(class v8::Value *))
      220    ?Cast@Uint32Array@v8@@SAPEAV12@PEAVValue@2@@Z (public: static class v8::Uint32Array * __cdecl v8::Uint32Array::Cast(class v8::Value *))
      221    ?Cast@Uint8Array@v8@@SAPEAV12@PEAVValue@2@@Z (public: static class v8::Uint8Array * __cdecl v8::Uint8Array::Cast(class v8::Value *))
      222    ?Cast@Uint8ClampedArray@v8@@SAPEAV12@PEAVValue@2@@Z (public: static class v8::Uint8ClampedArray * __cdecl v8::Uint8ClampedArray::Cast(class v8::Value *))
      223    ?Data@Contents@ArrayBuffer@v8@@QEBAPEAXXZ (public: void * __cdecl v8::ArrayBuffer::Contents::Data(void)const )
      224    ?Data@Contents@SharedArrayBuffer@v8@@QEBAPEAXXZ (public: void * __cdecl v8::SharedArrayBuffer::Contents::Data(void)const )
      225    ?Dispose@ExternalStringResourceBase@String@v8@@MEAAXXZ (protected: virtual void __cdecl v8::String::ExternalStringResourceBase::Dispose(void))
      226    ?Empty@String@v8@@SA?AV?$Local@VString@v8@@@2@PEAVIsolate@2@@Z (public: static class v8::Local<class v8::String> __cdecl v8::String::Empty(class v8::Isolate *))
      227    ?GetAlignedPointerFromEmbedderData@Context@v8@@QEAAPEAXH@Z (public: void * __cdecl v8::Context::GetAlignedPointerFromEmbedderData(int))
      228    ?GetAlignedPointerFromInternalField@Object@v8@@QEAAPEAXH@Z (public: void * __cdecl v8::Object::GetAlignedPointerFromInternalField(int))
      229    ?GetAlignedPointerFromInternalField@Object@v8@@SAPEAXAEBV?$PersistentBase@VObject@v8@@@2@H@Z (public: static void * __cdecl v8::Object::GetAlignedPointerFromInternalField(class v8::PersistentBase<class v8::Object> const &,int))
      230    ?GetData@Isolate@v8@@QEAAPEAXI@Z (public: void * __cdecl v8::Isolate::GetData(unsigned int))
      231    ?GetEmbedderData@Context@v8@@QEAA?AV?$Local@VValue@v8@@@2@H@Z (public: class v8::Local<class v8::Value> __cdecl v8::Context::GetEmbedderData(int))
      232    ?GetExternalStringResource@String@v8@@QEBAPEAVExternalStringResource@12@XZ (public: class v8::String::ExternalStringResource * __cdecl v8::String::GetExternalStringResource(void)const )
      233    ?GetExternalStringResourceBase@String@v8@@QEBAPEAVExternalStringResourceBase@12@PEAW4Encoding@12@@Z (public: class v8::String::ExternalStringResourceBase * __cdecl v8::String::GetExternalStringResourceBase(enum v8::String::Encoding *)const )
      234    ?GetInternalField@Object@v8@@QEAA?AV?$Local@VValue@v8@@@2@H@Z (public: class v8::Local<class v8::Value> __cdecl v8::Object::GetInternalField(int))
      235    ?GetIsolate@HandleScope@v8@@QEBAPEAVIsolate@2@XZ (public: class v8::Isolate * __cdecl v8::HandleScope::GetIsolate(void)const )
      236    ?GetNativeFunctionTemplate@Extension@v8@@UEAA?AV?$Local@VFunctionTemplate@v8@@@2@PEAVIsolate@2@V?$Local@VString@v8@@@2@@Z (public: virtual class v8::Local<class v8::FunctionTemplate> __cdecl v8::Extension::GetNativeFunctionTemplate(class v8::Isolate *,class v8::Local<class v8::String>))
      237    ?GetNumberOfDataSlots@Isolate@v8@@SAIXZ (public: static unsigned int __cdecl v8::Isolate::GetNumberOfDataSlots(void))
      238    ?InternalFieldCount@Object@v8@@SAHAEBV?$PersistentBase@VObject@v8@@@2@@Z (public: static int __cdecl v8::Object::InternalFieldCount(class v8::PersistentBase<class v8::Object> const &))
      239    ?IsCompressible@ExternalStringResourceBase@String@v8@@UEBA_NXZ (public: virtual bool __cdecl v8::String::ExternalStringResourceBase::IsCompressible(void)const )
      240    ?IsDead@V8@v8@@SA_NXZ (public: static bool __cdecl v8::V8::IsDead(void))
      241    ?IsExecutionTerminating@V8@v8@@SA_NPEAVIsolate@2@@Z (public: static bool __cdecl v8::V8::IsExecutionTerminating(class v8::Isolate *))
      242    ?IsNull@Value@v8@@QEBA_NXZ (public: bool __cdecl v8::Value::IsNull(void)const )
      243    ?IsString@Value@v8@@QEBA_NXZ (public: bool __cdecl v8::Value::IsString(void)const )
      244    ?IsUndefined@Value@v8@@QEBA_NXZ (public: bool __cdecl v8::Value::IsUndefined(void)const )
      245    ?JSStackComparableAddress@TryCatch@v8@@SAPEAXPEAV12@@Z (public: static void * __cdecl v8::TryCatch::JSStackComparableAddress(class v8::TryCatch *))
      246    ?New@Boolean@v8@@SA?AV?$Local@VBoolean@v8@@@2@PEAVIsolate@2@_N@Z (public: static class v8::Local<class v8::Boolean> __cdecl v8::Boolean::New(class v8::Isolate *,bool))
      247    ?NewInstance@Function@v8@@QEBA?AV?$MaybeLocal@VObject@v8@@@2@V?$Local@VContext@v8@@@2@@Z (public: class v8::MaybeLocal<class v8::Object> __cdecl v8::Function::NewInstance(class v8::Local<class v8::Context>)const )
      248    ?QuickIsNull@Value@v8@@AEBA_NXZ (private: bool __cdecl v8::Value::QuickIsNull(void)const )
      249    ?QuickIsString@Value@v8@@AEBA_NXZ (private: bool __cdecl v8::Value::QuickIsString(void)const )
      250    ?QuickIsUndefined@Value@v8@@AEBA_NXZ (private: bool __cdecl v8::Value::QuickIsUndefined(void)const )
      251    ?RemoveGCEpilogueCallback@V8@v8@@SAXP6AXW4GCType@2@W4GCCallbackFlags@2@@Z@Z (public: static void __cdecl v8::V8::RemoveGCEpilogueCallback(void (__cdecl*)(enum v8::GCType,enum v8::GCCallbackFlags)))
      252    ?RemoveGCPrologueCallback@V8@v8@@SAXP6AXW4GCType@2@W4GCCallbackFlags@2@@Z@Z (public: static void __cdecl v8::V8::RemoveGCPrologueCallback(void (__cdecl*)(enum v8::GCType,enum v8::GCCallbackFlags)))
      253    ?RemoveMemoryAllocationCallback@V8@v8@@SAXP6AXW4ObjectSpace@2@W4AllocationAction@2@H@Z@Z (public: static void __cdecl v8::V8::RemoveMemoryAllocationCallback(void (__cdecl*)(enum v8::ObjectSpace,enum v8::AllocationAction,int)))
      254    ?RemoveMessageListeners@V8@v8@@SAXP6AXV?$Local@VMessage@v8@@@2@V?$Local@VValue@v8@@@2@@Z@Z (public: static void __cdecl v8::V8::RemoveMessageListeners(void (__cdecl*)(class v8::Local<class v8::Message>,class v8::Local<class v8::Value>)))
      255    ?Set@Template@v8@@QEAAXPEAVIsolate@2@PEBDV?$Local@VData@v8@@@2@@Z (public: void __cdecl v8::Template::Set(class v8::Isolate *,char const *,class v8::Local<class v8::Data>))
      256    ?SetAllowCodeGenerationFromStringsCallback@V8@v8@@SAXP6A_NV?$Local@VContext@v8@@@2@@Z@Z (public: static void __cdecl v8::V8::SetAllowCodeGenerationFromStringsCallback(bool (__cdecl*)(class v8::Local<class v8::Context>)))
      257    ?SetCaptureStackTraceForUncaughtExceptions@V8@v8@@SAX_NHW4StackTraceOptions@StackTrace@2@@Z (public: static void __cdecl v8::V8::SetCaptureStackTraceForUncaughtExceptions(bool,int,enum v8::StackTrace::StackTraceOptions))
      258    ?SetData@Isolate@v8@@QEAAXIPEAX@Z (public: void __cdecl v8::Isolate::SetData(unsigned int,void *))
      259    ?SetFailedAccessCheckCallbackFunction@V8@v8@@SAXP6AXV?$Local@VObject@v8@@@2@W4AccessType@2@V?$Local@VValue@v8@@@2@@Z@Z (public: static void __cdecl v8::V8::SetFailedAccessCheckCallbackFunction(void (__cdecl*)(class v8::Local<class v8::Object>,enum v8::AccessType,class v8::Local<class v8::Value>)))
      260    ?SetFatalErrorHandler@V8@v8@@SAXP6AXPEBD0@Z@Z (public: static void __cdecl v8::V8::SetFatalErrorHandler(void (__cdecl*)(char const *,char const *)))
      261    ?SetIndexedPropertyHandler@ObjectTemplate@v8@@QEAAXP6AXIAEBV?$PropertyCallbackInfo@VValue@v8@@@2@@ZP6AXIV?$Local@VValue@v8@@@2@0@ZP6AXIAEBV?$PropertyCallbackInfo@VInteger@v8@@@2@@ZP6AXIAEBV?$PropertyCallbackInfo@VBoolean@v8@@@2@@ZP6AXAEBV?$PropertyCallbackInfo@VArray@v8@@@2@@Z2@Z (public: void __cdecl v8::ObjectTemplate::SetIndexedPropertyHandler(void (__cdecl*)(unsigned int,class v8::PropertyCallbackInfo<class v8::Value> const &),void (__cdecl*)(unsigned int,class v8::Local<class v8::Value>,class v8::PropertyCallbackInfo<class v8::Value> const &),void (__cdecl*)(unsigned int,class v8::PropertyCallbackInfo<class v8::Integer> const &),void (__cdecl*)(unsigned int,class v8::PropertyCallbackInfo<class v8::Boolean> const &),void (__cdecl*)(class v8::PropertyCallbackInfo<class v8::Array> const &),class v8::Local<class v8::Value>))
      262    ?TerminateExecution@V8@v8@@SAXPEAVIsolate@2@@Z (public: static void __cdecl v8::V8::TerminateExecution(class v8::Isolate *))
      263    ?ToBoolean@Value@v8@@QEBA?AV?$Local@VBoolean@v8@@@2@XZ (public: class v8::Local<class v8::Boolean> __cdecl v8::Value::ToBoolean(void)const )
      264    ?ToDetailString@Value@v8@@QEBA?AV?$Local@VString@v8@@@2@XZ (public: class v8::Local<class v8::String> __cdecl v8::Value::ToDetailString(void)const )
      265    ?ToInt32@Value@v8@@QEBA?AV?$Local@VInt32@v8@@@2@XZ (public: class v8::Local<class v8::Int32> __cdecl v8::Value::ToInt32(void)const )
      266    ?ToInteger@Value@v8@@QEBA?AV?$Local@VInteger@v8@@@2@XZ (public: class v8::Local<class v8::Integer> __cdecl v8::Value::ToInteger(void)const )
      267    ?ToNumber@Value@v8@@QEBA?AV?$Local@VNumber@v8@@@2@XZ (public: class v8::Local<class v8::Number> __cdecl v8::Value::ToNumber(void)const )
      268    ?ToObject@Value@v8@@QEBA?AV?$Local@VObject@v8@@@2@XZ (public: class v8::Local<class v8::Object> __cdecl v8::Value::ToObject(void)const )
      269    ?ToString@Value@v8@@QEBA?AV?$Local@VString@v8@@@2@XZ (public: class v8::Local<class v8::String> __cdecl v8::Value::ToString(void)const )
      270    ?ToUint32@Value@v8@@QEBA?AV?$Local@VUint32@v8@@@2@XZ (public: class v8::Local<class v8::Uint32> __cdecl v8::Value::ToUint32(void)const )
      271    ?VisitExternalResources@V8@v8@@SAXPEAVExternalResourceVisitor@2@@Z (public: static void __cdecl v8::V8::VisitExternalResources(class v8::ExternalResourceVisitor *))
      272    ?VisitExternalString@ExternalResourceVisitor@v8@@UEAAXV?$Local@VString@v8@@@2@@Z (public: virtual void __cdecl v8::ExternalResourceVisitor::VisitExternalString(class v8::Local<class v8::String>))
      273    ?VisitHandlesForPartialDependence@V8@v8@@SAXPEAVIsolate@2@PEAVPersistentHandleVisitor@2@@Z (public: static void __cdecl v8::V8::VisitHandlesForPartialDependence(class v8::Isolate *,class v8::PersistentHandleVisitor *))
      274    ?VisitHandlesWithClassIds@V8@v8@@SAXPEAVIsolate@2@PEAVPersistentHandleVisitor@2@@Z (public: static void __cdecl v8::V8::VisitHandlesWithClassIds(class v8::Isolate *,class v8::PersistentHandleVisitor *))
      275    ?VisitHandlesWithClassIds@V8@v8@@SAXPEAVPersistentHandleVisitor@2@@Z (public: static void __cdecl v8::V8::VisitHandlesWithClassIds(class v8::PersistentHandleVisitor *))
      276    ?VisitPersistentHandle@PersistentHandleVisitor@v8@@UEAAXPEAV?$Persistent@VValue@v8@@V?$NonCopyablePersistentTraits@VValue@v8@@@2@@2@G@Z (public: virtual void __cdecl v8::PersistentHandleVisitor::VisitPersistentHandle(class v8::Persistent<class v8::Value,class v8::NonCopyablePersistentTraits<class v8::Value> > *,unsigned short))
      277    ?auto_enable@Extension@v8@@QEAA_NXZ (public: bool __cdecl v8::Extension::auto_enable(void))
      278    ?begin@ExtensionConfiguration@v8@@QEBAPEAPEBDXZ (public: char const * * __cdecl v8::ExtensionConfiguration::begin(void)const )
      279    ?code_range_size@ResourceConstraints@v8@@QEBA_KXZ (public: unsigned __int64 __cdecl v8::ResourceConstraints::code_range_size(void)const )
      280    ?data@ExternalOneByteStringResourceImpl@v8@@UEBAPEBDXZ (public: virtual char const * __cdecl v8::ExternalOneByteStringResourceImpl::data(void)const )
      281    ?dependencies@Extension@v8@@QEAAPEAPEBDXZ (public: char const * * __cdecl v8::Extension::dependencies(void))
      282    ?dependency_count@Extension@v8@@QEAAHXZ (public: int __cdecl v8::Extension::dependency_count(void))
      283    ?does_zap_garbage@HeapStatistics@v8@@QEAA_KXZ (public: unsigned __int64 __cdecl v8::HeapStatistics::does_zap_garbage(void))
      284    ?end@ExtensionConfiguration@v8@@QEBAPEAPEBDXZ (public: char const * * __cdecl v8::ExtensionConfiguration::end(void)const )
      285    ?heap_size_limit@HeapStatistics@v8@@QEAA_KXZ (public: unsigned __int64 __cdecl v8::HeapStatistics::heap_size_limit(void))
      286    ?impl@StreamedSource@ScriptCompiler@v8@@QEBAPEAU1internal@3@XZ (public: struct v8::internal::StreamedSource * __cdecl v8::ScriptCompiler::StreamedSource::impl(void)const )
      287    ?kInternalFieldCount@ArrayBuffer@v8@@2HB (public: static int const v8::ArrayBuffer::kInternalFieldCount)
      288    ?kInternalFieldCount@ArrayBufferView@v8@@2HB (public: static int const v8::ArrayBufferView::kInternalFieldCount)
      289    ?kInternalFieldCount@SharedArrayBuffer@v8@@2HB (public: static int const v8::SharedArrayBuffer::kInternalFieldCount)
      290    ?kMaxLength@String@v8@@2HB (public: static int const v8::String::kMaxLength)
      291    ?kNoColumnInfo@Message@v8@@2HB (public: static int const v8::Message::kNoColumnInfo)
      292    ?kNoLineNumberInfo@Message@v8@@2HB (public: static int const v8::Message::kNoLineNumberInfo)
      293    ?kNoScriptId@UnboundScript@v8@@2HB (public: static int const v8::UnboundScript::kNoScriptId)
      294    ?kNoScriptIdInfo@Message@v8@@2HB (public: static int const v8::Message::kNoScriptIdInfo)
      295    ?length@ExternalOneByteStringResourceImpl@v8@@UEBA_KXZ (public: virtual unsigned __int64 __cdecl v8::ExternalOneByteStringResourceImpl::length(void)const )
      296    ?length@Utf8Value@String@v8@@QEBAHXZ (public: int __cdecl v8::String::Utf8Value::length(void)const )
      297    ?length@Value@String@v8@@QEBAHXZ (public: int __cdecl v8::String::Value::length(void)const )
      298    ?max_executable_size@ResourceConstraints@v8@@QEBAHXZ (public: int __cdecl v8::ResourceConstraints::max_executable_size(void)const )
      299    ?max_old_space_size@ResourceConstraints@v8@@QEBAHXZ (public: int __cdecl v8::ResourceConstraints::max_old_space_size(void)const )
      300    ?max_semi_space_size@ResourceConstraints@v8@@QEBAHXZ (public: int __cdecl v8::ResourceConstraints::max_semi_space_size(void)const )
      301    ?name@Extension@v8@@QEBAPEBDXZ (public: char const * __cdecl v8::Extension::name(void)const )
      302    ?object_count@HeapObjectStatistics@v8@@QEAA_KXZ (public: unsigned __int64 __cdecl v8::HeapObjectStatistics::object_count(void))
      303    ?object_size@HeapObjectStatistics@v8@@QEAA_KXZ (public: unsigned __int64 __cdecl v8::HeapObjectStatistics::object_size(void))
      304    ?object_sub_type@HeapObjectStatistics@v8@@QEAAPEBDXZ (public: char const * __cdecl v8::HeapObjectStatistics::object_sub_type(void))
      305    ?object_type@HeapObjectStatistics@v8@@QEAAPEBDXZ (public: char const * __cdecl v8::HeapObjectStatistics::object_type(void))
      306    ?physical_space_size@HeapSpaceStatistics@v8@@QEAA_KXZ (public: unsigned __int64 __cdecl v8::HeapSpaceStatistics::physical_space_size(void))
      307    ?set_auto_enable@Extension@v8@@QEAAX_N@Z (public: void __cdecl v8::Extension::set_auto_enable(bool))
      308    ?set_code_range_size@ResourceConstraints@v8@@QEAAX_K@Z (public: void __cdecl v8::ResourceConstraints::set_code_range_size(unsigned __int64))
      309    ?set_max_executable_size@ResourceConstraints@v8@@QEAAXH@Z (public: void __cdecl v8::ResourceConstraints::set_max_executable_size(int))
      310    ?set_max_old_space_size@ResourceConstraints@v8@@QEAAXH@Z (public: void __cdecl v8::ResourceConstraints::set_max_old_space_size(int))
      311    ?set_max_semi_space_size@ResourceConstraints@v8@@QEAAXH@Z (public: void __cdecl v8::ResourceConstraints::set_max_semi_space_size(int))
      312    ?set_stack_limit@ResourceConstraints@v8@@QEAAXPEAI@Z (public: void __cdecl v8::ResourceConstraints::set_stack_limit(unsigned int *))
      313    ?source@Extension@v8@@QEBAPEBVExternalOneByteStringResource@String@2@XZ (public: class v8::String::ExternalOneByteStringResource const * __cdecl v8::Extension::source(void)const )
      314    ?source_length@Extension@v8@@QEBA_KXZ (public: unsigned __int64 __cdecl v8::Extension::source_length(void)const )
      315    ?space_available_size@HeapSpaceStatistics@v8@@QEAA_KXZ (public: unsigned __int64 __cdecl v8::HeapSpaceStatistics::space_available_size(void))
      316    ?space_name@HeapSpaceStatistics@v8@@QEAAPEBDXZ (public: char const * __cdecl v8::HeapSpaceStatistics::space_name(void))
      317    ?space_size@HeapSpaceStatistics@v8@@QEAA_KXZ (public: unsigned __int64 __cdecl v8::HeapSpaceStatistics::space_size(void))
      318    ?space_used_size@HeapSpaceStatistics@v8@@QEAA_KXZ (public: unsigned __int64 __cdecl v8::HeapSpaceStatistics::space_used_size(void))
      319    ?stack_limit@ResourceConstraints@v8@@QEBAPEAIXZ (public: unsigned int * __cdecl v8::ResourceConstraints::stack_limit(void)const )
      320    ?total_available_size@HeapStatistics@v8@@QEAA_KXZ (public: unsigned __int64 __cdecl v8::HeapStatistics::total_available_size(void))
      321    ?total_heap_size@HeapStatistics@v8@@QEAA_KXZ (public: unsigned __int64 __cdecl v8::HeapStatistics::total_heap_size(void))
      322    ?total_heap_size_executable@HeapStatistics@v8@@QEAA_KXZ (public: unsigned __int64 __cdecl v8::HeapStatistics::total_heap_size_executable(void))
      323    ?total_physical_size@HeapStatistics@v8@@QEAA_KXZ (public: unsigned __int64 __cdecl v8::HeapStatistics::total_physical_size(void))
      324    ?used_heap_size@HeapStatistics@v8@@QEAA_KXZ (public: unsigned __int64 __cdecl v8::HeapStatistics::used_heap_size(void))
      325    _register_canvas_
